Archive member included to satisfy reference by file (symbol)

e:/embedded/tourkey/tools/arm gcc/bin/../lib/gcc/arm-none-eabi/5.4.1/armv7e-m\libgcc.a(_aeabi_uldivmod.o)
                              ./src/4-Service/SCHED.o (__aeabi_uldivmod)
e:/embedded/tourkey/tools/arm gcc/bin/../lib/gcc/arm-none-eabi/5.4.1/armv7e-m\libgcc.a(_udivmoddi4.o)
                              e:/embedded/tourkey/tools/arm gcc/bin/../lib/gcc/arm-none-eabi/5.4.1/armv7e-m\libgcc.a(_aeabi_uldivmod.o) (__udivmoddi4)
e:/embedded/tourkey/tools/arm gcc/bin/../lib/gcc/arm-none-eabi/5.4.1/armv7e-m\libgcc.a(_dvmd_tls.o)
                              e:/embedded/tourkey/tools/arm gcc/bin/../lib/gcc/arm-none-eabi/5.4.1/armv7e-m\libgcc.a(_aeabi_uldivmod.o) (__aeabi_ldiv0)
e:/embedded/tourkey/tools/arm gcc/bin/../lib/gcc/arm-none-eabi/5.4.1/../../../../arm-none-eabi/lib/armv7e-m\libg_nano.a(lib_a-errno.o)
                              ./system/src/newlib/sbrk.o (__errno)
e:/embedded/tourkey/tools/arm gcc/bin/../lib/gcc/arm-none-eabi/5.4.1/../../../../arm-none-eabi/lib/armv7e-m\libg_nano.a(lib_a-impure.o)
                              e:/embedded/tourkey/tools/arm gcc/bin/../lib/gcc/arm-none-eabi/5.4.1/../../../../arm-none-eabi/lib/armv7e-m\libg_nano.a(lib_a-errno.o) (_impure_ptr)
e:/embedded/tourkey/tools/arm gcc/bin/../lib/gcc/arm-none-eabi/5.4.1/../../../../arm-none-eabi/lib/armv7e-m\libg_nano.a(lib_a-strlen.o)
                              ./system/src/diag/trace.o (strlen)
e:/embedded/tourkey/tools/arm gcc/bin/../lib/gcc/arm-none-eabi/5.4.1/../../../../arm-none-eabi/lib/armv7e-m\libg_nano.a(lib_a-vsnprintf.o)
                              ./system/src/diag/trace.o (vsnprintf)
e:/embedded/tourkey/tools/arm gcc/bin/../lib/gcc/arm-none-eabi/5.4.1/../../../../arm-none-eabi/lib/armv7e-m\libg_nano.a(lib_a-nano-svfprintf.o)
                              e:/embedded/tourkey/tools/arm gcc/bin/../lib/gcc/arm-none-eabi/5.4.1/../../../../arm-none-eabi/lib/armv7e-m\libg_nano.a(lib_a-vsnprintf.o) (_svfprintf_r)
e:/embedded/tourkey/tools/arm gcc/bin/../lib/gcc/arm-none-eabi/5.4.1/../../../../arm-none-eabi/lib/armv7e-m\libg_nano.a(lib_a-nano-vfprintf_i.o)
                              e:/embedded/tourkey/tools/arm gcc/bin/../lib/gcc/arm-none-eabi/5.4.1/../../../../arm-none-eabi/lib/armv7e-m\libg_nano.a(lib_a-nano-svfprintf.o) (_printf_i)
e:/embedded/tourkey/tools/arm gcc/bin/../lib/gcc/arm-none-eabi/5.4.1/../../../../arm-none-eabi/lib/armv7e-m\libg_nano.a(lib_a-memchr.o)
                              e:/embedded/tourkey/tools/arm gcc/bin/../lib/gcc/arm-none-eabi/5.4.1/../../../../arm-none-eabi/lib/armv7e-m\libg_nano.a(lib_a-nano-svfprintf.o) (memchr)
e:/embedded/tourkey/tools/arm gcc/bin/../lib/gcc/arm-none-eabi/5.4.1/../../../../arm-none-eabi/lib/armv7e-m\libg_nano.a(lib_a-memcpy-stub.o)
                              e:/embedded/tourkey/tools/arm gcc/bin/../lib/gcc/arm-none-eabi/5.4.1/../../../../arm-none-eabi/lib/armv7e-m\libg_nano.a(lib_a-nano-svfprintf.o) (memcpy)
e:/embedded/tourkey/tools/arm gcc/bin/../lib/gcc/arm-none-eabi/5.4.1/../../../../arm-none-eabi/lib/armv7e-m\libg_nano.a(lib_a-memmove.o)
                              e:/embedded/tourkey/tools/arm gcc/bin/../lib/gcc/arm-none-eabi/5.4.1/../../../../arm-none-eabi/lib/armv7e-m\libg_nano.a(lib_a-nano-svfprintf.o) (memmove)
e:/embedded/tourkey/tools/arm gcc/bin/../lib/gcc/arm-none-eabi/5.4.1/../../../../arm-none-eabi/lib/armv7e-m\libg_nano.a(lib_a-nano-freer.o)
                              e:/embedded/tourkey/tools/arm gcc/bin/../lib/gcc/arm-none-eabi/5.4.1/../../../../arm-none-eabi/lib/armv7e-m\libg_nano.a(lib_a-nano-svfprintf.o) (_free_r)
e:/embedded/tourkey/tools/arm gcc/bin/../lib/gcc/arm-none-eabi/5.4.1/../../../../arm-none-eabi/lib/armv7e-m\libg_nano.a(lib_a-nano-mallocr.o)
                              e:/embedded/tourkey/tools/arm gcc/bin/../lib/gcc/arm-none-eabi/5.4.1/../../../../arm-none-eabi/lib/armv7e-m\libg_nano.a(lib_a-nano-svfprintf.o) (_malloc_r)
e:/embedded/tourkey/tools/arm gcc/bin/../lib/gcc/arm-none-eabi/5.4.1/../../../../arm-none-eabi/lib/armv7e-m\libg_nano.a(lib_a-nano-reallocr.o)
                              e:/embedded/tourkey/tools/arm gcc/bin/../lib/gcc/arm-none-eabi/5.4.1/../../../../arm-none-eabi/lib/armv7e-m\libg_nano.a(lib_a-nano-svfprintf.o) (_realloc_r)
e:/embedded/tourkey/tools/arm gcc/bin/../lib/gcc/arm-none-eabi/5.4.1/../../../../arm-none-eabi/lib/armv7e-m\libg_nano.a(lib_a-sbrkr.o)
                              e:/embedded/tourkey/tools/arm gcc/bin/../lib/gcc/arm-none-eabi/5.4.1/../../../../arm-none-eabi/lib/armv7e-m\libg_nano.a(lib_a-nano-mallocr.o) (_sbrk_r)
e:/embedded/tourkey/tools/arm gcc/bin/../lib/gcc/arm-none-eabi/5.4.1/../../../../arm-none-eabi/lib/armv7e-m\libg_nano.a(lib_a-mlock.o)
                              e:/embedded/tourkey/tools/arm gcc/bin/../lib/gcc/arm-none-eabi/5.4.1/../../../../arm-none-eabi/lib/armv7e-m\libg_nano.a(lib_a-nano-freer.o) (__malloc_lock)
[...]
Memory Configuration

Name             Origin             Length             Attributes
RAM              0x20000000         0x00010000         xrw
CCMRAM           0x10000000         0x00000000         xrw
FLASH            0x08000000         0x00100000         xr
FLASHB1          0x00000000         0x00000000         xr
EXTMEMB0         0x00000000         0x00000000         xr
EXTMEMB1         0x00000000         0x00000000         xr
EXTMEMB2         0x00000000         0x00000000         xr
EXTMEMB3         0x00000000         0x00000000         xr
*default*        0x00000000         0xffffffff

Linker script and memory map

LOAD ./system/src/newlib/assert.o
LOAD ./system/src/newlib/cxx.o
LOAD ./system/src/newlib/exit.o
LOAD ./system/src/newlib/sbrk.o
LOAD ./system/src/newlib/startup.o
LOAD ./system/src/newlib/syscalls.o
LOAD ./system/src/diag/trace-impl.o
LOAD ./system/src/diag/trace.o
LOAD ./system/src/cortexm/exception-handlers.o
LOAD ./system/src/cortexm/initialize-hardware.o
LOAD ./system/src/cortexm/reset-hardware.o
LOAD ./system/src/cmsis/system_stm32f4xx.o
LOAD ./system/src/cmsis/vectors_stm32f401xc.o
LOAD ./src/4-Service/CLOCK_CONFIG.o
LOAD ./src/4-Service/SCHED.o
LOAD ./src/4-Service/SCHED_Config.o
LOAD ./src/03-APP/StateMachine.o
LOAD ./src/03-APP/TestScheduler.o
LOAD ./src/03-APP/testLCD.o
LOAD ./src/02-HAL/SWITCH/SWITCH.o
LOAD ./src/02-HAL/SWITCH/SWITCH_Config.o
LOAD ./src/02-HAL/LED/LED.o
LOAD ./src/02-HAL/LED/LED_Config.o
LOAD ./src/02-HAL/LCD/LCD.o
LOAD ./src/02-HAL/LCD/LCD_Config.o
LOAD ./src/01-MCAL/SYSTICK/SYSTICK.o
LOAD ./src/01-MCAL/RCC/RCC.o
LOAD ./src/01-MCAL/NVIC/NVIC.o
LOAD ./src/01-MCAL/GPIO/GPIO.o
LOAD ./src/main.o
LOAD e:/embedded/tourkey/tools/arm gcc/bin/../lib/gcc/arm-none-eabi/5.4.1/../../../../arm-none-eabi/lib/armv7e-m\libstdc++_nano.a
LOAD e:/embedded/tourkey/tools/arm gcc/bin/../lib/gcc/arm-none-eabi/5.4.1/../../../../arm-none-eabi/lib/armv7e-m\libm.a
START GROUP
LOAD e:/embedded/tourkey/tools/arm gcc/bin/../lib/gcc/arm-none-eabi/5.4.1/armv7e-m\libgcc.a
LOAD e:/embedded/tourkey/tools/arm gcc/bin/../lib/gcc/arm-none-eabi/5.4.1/../../../../arm-none-eabi/lib/armv7e-m\libg_nano.a
LOAD e:/embedded/tourkey/tools/arm gcc/bin/../lib/gcc/arm-none-eabi/5.4.1/../../../../arm-none-eabi/lib/armv7e-m\libc_nano.a
END GROUP
START GROUP
LOAD e:/embedded/tourkey/tools/arm gcc/bin/../lib/gcc/arm-none-eabi/5.4.1/armv7e-m\libgcc.a
LOAD e:/embedded/tourkey/tools/arm gcc/bin/../lib/gcc/arm-none-eabi/5.4.1/../../../../arm-none-eabi/lib/armv7e-m\libc_nano.a
END GROUP
                0x20010000                __stack = (ORIGIN (RAM) + LENGTH (RAM))
                0x20010000                _estack = __stack
                0x00000400                __Main_Stack_Size = 0x400
                [!provide]                PROVIDE (_Main_Stack_Size, __Main_Stack_Size)
                0x2000fc00                __Main_Stack_Limit = (__stack - __Main_Stack_Size)
                [!provide]                PROVIDE (_Main_Stack_Limit, __Main_Stack_Limit)
                0x00000100                _Minimum_Stack_Size = 0x100
                0x2000015c                PROVIDE (_Heap_Begin, _end_noinit)
                0x2000fc00                PROVIDE (_Heap_Limit, (__stack - __Main_Stack_Size))

.isr_vector     0x08000000      0x3f8
 FILL mask 0xff
                0x08000000                __vectors_start = ABSOLUTE (.)
                0x08000000                __vectors_start__ = ABSOLUTE (.)
 *(.isr_vector)
 .isr_vector    0x08000000      0x194 ./system/src/cmsis/vectors_stm32f401xc.o
                0x08000000                __isr_vectors
 *(.cfmconfig)
 *(.after_vectors .after_vectors.*)
 .after_vectors
                0x08000194      0x130 ./system/src/newlib/startup.o
                0x08000194                _start
 .after_vectors
                0x080002c4      0x130 ./system/src/cortexm/exception-handlers.o
                0x080002c4                Reset_Handler
                0x080002cc                NMI_Handler
                0x080002d0                HardFault_Handler
                0x080002e4                HardFault_Handler_C
                0x08000344                MemManage_Handler
                0x08000348                BusFault_Handler
                0x0800035c                BusFault_Handler_C
                0x08000390                UsageFault_Handler
                0x080003a4                UsageFault_Handler_C
                0x080003d8                SVC_Handler
                0x080003dc                DebugMon_Handler
                0x080003e0                PendSV_Handler
 .after_vectors
                0x080003f4        0x4 ./system/src/cmsis/vectors_stm32f401xc.o
                0x080003f4                RTC_Alarm_IRQHandler
                0x080003f4                EXTI2_IRQHandler
                0x080003f4                SPI4_IRQHandler
                0x080003f4                TIM1_CC_IRQHandler
                0x080003f4                DMA2_Stream5_IRQHandler
                0x080003f4                DMA1_Stream5_IRQHandler
                0x080003f4                PVD_IRQHandler
                0x080003f4                SDIO_IRQHandler
                0x080003f4                TAMP_STAMP_IRQHandler
                0x080003f4                EXTI3_IRQHandler
                0x080003f4                TIM1_UP_TIM10_IRQHandler
                0x080003f4                I2C3_ER_IRQHandler
                0x080003f4                EXTI0_IRQHandler
                0x080003f4                I2C2_EV_IRQHandler
                0x080003f4                DMA1_Stream2_IRQHandler
                0x080003f4                FPU_IRQHandler
                0x080003f4                DMA2_Stream2_IRQHandler
                0x080003f4                SPI1_IRQHandler
                0x080003f4                TIM1_BRK_TIM9_IRQHandler
                0x080003f4                DMA2_Stream3_IRQHandler
                0x080003f4                USART6_IRQHandler
                0x080003f4                DMA2_Stream0_IRQHandler
                0x080003f4                TIM4_IRQHandler
                0x080003f4                I2C1_EV_IRQHandler
                0x080003f4                DMA1_Stream6_IRQHandler
                0x080003f4                DMA1_Stream1_IRQHandler
                0x080003f4                TIM3_IRQHandler
                0x080003f4                RCC_IRQHandler
                0x080003f4                Default_Handler
                0x080003f4                EXTI15_10_IRQHandler
                0x080003f4                ADC_IRQHandler
                0x080003f4                DMA1_Stream7_IRQHandler
                0x080003f4                TIM5_IRQHandler
                0x080003f4                DMA2_Stream7_IRQHandler
                0x080003f4                I2C3_EV_IRQHandler
                0x080003f4                EXTI9_5_IRQHandler
                0x080003f4                RTC_WKUP_IRQHandler
                0x080003f4                SPI2_IRQHandler
                0x080003f4                DMA1_Stream0_IRQHandler
                0x080003f4                EXTI4_IRQHandler
                0x080003f4                WWDG_IRQHandler
                0x080003f4                TIM2_IRQHandler
                0x080003f4                OTG_FS_WKUP_IRQHandler
                0x080003f4                TIM1_TRG_COM_TIM11_IRQHandler
                0x080003f4                EXTI1_IRQHandler
                0x080003f4                USART2_IRQHandler
                0x080003f4                I2C2_ER_IRQHandler
                0x080003f4                DMA2_Stream1_IRQHandler
                0x080003f4                FLASH_IRQHandler
                0x080003f4                DMA2_Stream4_IRQHandler
                0x080003f4                USART1_IRQHandler
                0x080003f4                OTG_FS_IRQHandler
                0x080003f4                SPI3_IRQHandler
                0x080003f4                DMA1_Stream4_IRQHandler
                0x080003f4                I2C1_ER_IRQHandler
                0x080003f4                DMA2_Stream6_IRQHandler
                0x080003f4                DMA1_Stream3_IRQHandler

.inits          0x080003f8       0x28
                0x080003f8                __data_regions_array_start = .
                0x080003f8        0x4 LONG 0x8001d08 LOADADDR (.data)
                0x080003fc        0x4 LONG 0x20000000 ADDR (.data)
                0x08000400        0x4 LONG 0x20000088 (ADDR (.data) + SIZEOF (.data))
                0x08000404        0x4 LONG 0x8001d08 LOADADDR (.data_CCMRAM)
                0x08000408        0x4 LONG 0x10000000 ADDR (.data_CCMRAM)
                0x0800040c        0x4 LONG 0x10000000 (ADDR (.data_CCMRAM) + SIZEOF (.data_CCMRAM))
                0x08000410                __data_regions_array_end = .
                0x08000410                __bss_regions_array_start = .
                0x08000410        0x4 LONG 0x20000088 ADDR (.bss)
                0x08000414        0x4 LONG 0x2000015c (ADDR (.bss) + SIZEOF (.bss))
                0x08000418        0x4 LONG 0x10000000 ADDR (.bss_CCMRAM)
                0x0800041c        0x4 LONG 0x10000000 (ADDR (.bss_CCMRAM) + SIZEOF (.bss_CCMRAM))
                0x08000420                __bss_regions_array_end = .
 *(.init)
 *(.fini)
                0x08000420                . = ALIGN (0x4)
                0x08000420                PROVIDE (__preinit_array_start, .)
 *(.preinit_array_sysinit .preinit_array_sysinit.*)
 *(.preinit_array_platform .preinit_array_platform.*)
 *(.preinit_array .preinit_array.*)
                0x08000420                PROVIDE (__preinit_array_end, .)
                0x08000420                . = ALIGN (0x4)
                0x08000420                PROVIDE (__init_array_start, .)
 *(SORT(.init_array.*))
 *(.init_array)
                0x08000420                PROVIDE (__init_array_end, .)
                0x08000420                . = ALIGN (0x4)
                0x08000420                PROVIDE (__fini_array_start, .)
 *(SORT(.fini_array.*))
 *(.fini_array)
                0x08000420                PROVIDE (__fini_array_end, .)

.flashtext
 *(.flashtext .flashtext.*)

.text           0x08000420     0x18df
 *(.text .text.*)
 .text._exit    0x08000420        0x4 ./system/src/newlib/exit.o
                0x08000420                _exit
 .text._sbrk    0x08000424       0x44 ./system/src/newlib/sbrk.o
                0x08000424                _sbrk
 .text.__initialize_args
                0x08000468       0x10 ./system/src/newlib/syscalls.o
                0x08000468                __initialize_args
 .text._trace_write_semihosting_debug
                0x08000478       0x64 ./system/src/diag/trace-impl.o
 .text.trace_write
                0x080004dc        0x8 ./system/src/diag/trace-impl.o
                0x080004dc                trace_write
 .text.trace_printf
                0x080004e4       0x30 ./system/src/diag/trace.o
                0x080004e4                trace_printf
 .text.dumpExceptionStack
                0x08000514       0xf0 ./system/src/cortexm/exception-handlers.o
                0x08000514                dumpExceptionStack
 .text.isSemihosting
                0x08000604       0x20 ./system/src/cortexm/exception-handlers.o
                0x08000604                isSemihosting
 .text.__initialize_hardware_early
                0x08000624       0x18 ./system/src/cortexm/initialize-hardware.o
                0x08000624                __initialize_hardware_early
 .text.__initialize_hardware
                0x0800063c        0x8 ./system/src/cortexm/initialize-hardware.o
                0x0800063c                __initialize_hardware
 .text.SystemInit
                0x08000644       0x10 ./system/src/cmsis/system_stm32f4xx.o
                0x08000644                SystemInit
 .text.SystemCoreClockUpdate
                0x08000654       0xa0 ./system/src/cmsis/system_stm32f4xx.o
                0x08000654                SystemCoreClockUpdate
 .text.CLOCK_CONFIG
                0x080006f4       0x30 ./src/4-Service/CLOCK_CONFIG.o
                0x080006f4                CLOCK_CONFIG
 .text.TickCallBack
                0x08000724       0x10 ./src/4-Service/SCHED.o
 .text.SCHED    0x08000734       0x68 ./src/4-Service/SCHED.o
 .text.SCHED_Init
                0x0800079c       0x18 ./src/4-Service/SCHED.o
                0x0800079c                SCHED_Init
 .text.SCHED_Start
                0x080007b4       0x20 ./src/4-Service/SCHED.o
                0x080007b4                SCHED_Start
 .text.TrafficLight_Init
                0x080007d4        0x8 ./src/03-APP/StateMachine.o
                0x080007d4                TrafficLight_Init
 .text.TrafficLight_Runnable
                0x080007dc       0xe8 ./src/03-APP/StateMachine.o
                0x080007dc                TrafficLight_Runnable
 .text.Test_LCD_APP_Runnable
                0x080008c4       0x10 ./src/03-APP/testLCD.o
                0x080008c4                Test_LCD_APP_Runnable
 .text.LED_INIT
                0x080008d4       0x40 ./src/02-HAL/LED/LED.o
                0x080008d4                LED_INIT
 .text.LED_SetStatus
                0x08000914       0x60 ./src/02-HAL/LED/LED.o
                0x08000914                LED_SetStatus
 .text.INIT_POWER_ON_THREAD
                0x08000974       0x1c ./src/02-HAL/LCD/LCD.o
 .text.INIT_END_THREAD
                0x08000990       0x18 ./src/02-HAL/LCD/LCD.o
 .text.LCD_WRITE_PINS_THREAD
                0x080009a8       0x48 ./src/02-HAL/LCD/LCD.o
 .text.SEND_DATA
                0x080009f0       0x1c ./src/02-HAL/LCD/LCD.o
 .text.SEND_COMMAND
                0x08000a0c       0x20 ./src/02-HAL/LCD/LCD.o
 .text.INIT_FUNCTION_SET_P1_THREAD
                0x08000a2c       0x28 ./src/02-HAL/LCD/LCD.o
 .text.INIT_FUNCTION_SET_P2_THREAD
                0x08000a54       0x24 ./src/02-HAL/LCD/LCD.o
 .text.INIT_DISPLAY_ON_OFF_P1_THREAD
                0x08000a78       0x28 ./src/02-HAL/LCD/LCD.o
 .text.INIT_DISPLAY_ON_OFF_P2_THREAD
                0x08000aa0       0x24 ./src/02-HAL/LCD/LCD.o
 .text.INIT_DISPLAY_CLEAR_P1_THREAD
                0x08000ac4       0x28 ./src/02-HAL/LCD/LCD.o
 .text.INIT_DISPLAY_CLEAR_P2_THREAD
                0x08000aec       0x24 ./src/02-HAL/LCD/LCD.o
 .text.INIT_PROCESS
                0x08000b10       0x4c ./src/02-HAL/LCD/LCD.o
 .text.LCD_PINS_INIT_THREAD
                0x08000b5c       0x40 ./src/02-HAL/LCD/LCD.o
 .text.OPERATION_WRITE_STRING_THREAD
                0x08000b9c       0x68 ./src/02-HAL/LCD/LCD.o
                0x08000b9c                OPERATION_WRITE_STRING_THREAD
 .text.OPERATION_BUSY_THREAD
                0x08000c04       0x14 ./src/02-HAL/LCD/LCD.o
                0x08000c04                OPERATION_BUSY_THREAD
 .text.OPERATION_PROCESS
                0x08000c18       0x14 ./src/02-HAL/LCD/LCD.o
 .text.LCD_Runnable
                0x08000c2c       0x20 ./src/02-HAL/LCD/LCD.o
                0x08000c2c                LCD_Runnable
 .text.LCD_InitAsync
                0x08000c4c       0x14 ./src/02-HAL/LCD/LCD.o
                0x08000c4c                LCD_InitAsync
 .text.LCD_WriteStringAsync
                0x08000c60       0x24 ./src/02-HAL/LCD/LCD.o
                0x08000c60                LCD_WriteStringAsync
 .text.SysTick_GetClockSource
                0x08000c84       0x10 ./src/01-MCAL/SYSTICK/SYSTICK.o
 .text.SysTick_EnableCounterPeriodic
                0x08000c94       0x14 ./src/01-MCAL/SYSTICK/SYSTICK.o
                0x08000c94                SysTick_EnableCounterPeriodic
 .text.SysTick_EnableInterrupt
                0x08000ca8       0x14 ./src/01-MCAL/SYSTICK/SYSTICK.o
                0x08000ca8                SysTick_EnableInterrupt
 .text.SysTick_SetClockSource
                0x08000cbc       0x2c ./src/01-MCAL/SYSTICK/SYSTICK.o
                0x08000cbc                SysTick_SetClockSource
 .text.SysTick_SetTickMS
                0x08000ce8       0x30 ./src/01-MCAL/SYSTICK/SYSTICK.o
                0x08000ce8                SysTick_SetTickMS
 .text.SysTick_SetCallBack
                0x08000d18       0x14 ./src/01-MCAL/SYSTICK/SYSTICK.o
                0x08000d18                SysTick_SetCallBack
 .text.SysTick_SetCurrentVal
                0x08000d2c        0xc ./src/01-MCAL/SYSTICK/SYSTICK.o
                0x08000d2c                SysTick_SetCurrentVal
 .text.SysTick_Handler
                0x08000d38       0x10 ./src/01-MCAL/SYSTICK/SYSTICK.o
                0x08000d38                SysTick_Handler
 .text.RCC_Select_SYSCLOCK
                0x08000d48       0x14 ./src/01-MCAL/RCC/RCC.o
                0x08000d48                RCC_Select_SYSCLOCK
 .text.RCC_Enable_CLOCK
                0x08000d5c       0x10 ./src/01-MCAL/RCC/RCC.o
                0x08000d5c                RCC_Enable_CLOCK
 .text.RCC_Enable_AHB1Peripheral
                0x08000d6c       0x10 ./src/01-MCAL/RCC/RCC.o
                0x08000d6c                RCC_Enable_AHB1Peripheral
 .text.GPIO_INIT_PIN
                0x08000d7c       0x80 ./src/01-MCAL/GPIO/GPIO.o
                0x08000d7c                GPIO_INIT_PIN
 .text.GPIO_SetPinValue
                0x08000dfc       0x3c ./src/01-MCAL/GPIO/GPIO.o
                0x08000dfc                GPIO_SetPinValue
 .text.main     0x08000e38       0x18 ./src/main.o
                0x08000e38                main
 .text          0x08000e50       0x30 e:/embedded/tourkey/tools/arm gcc/bin/../lib/gcc/arm-none-eabi/5.4.1/armv7e-m\libgcc.a(_aeabi_uldivmod.o)
                0x08000e50                __aeabi_uldivmod
 .text          0x08000e80      0x2e4 e:/embedded/tourkey/tools/arm gcc/bin/../lib/gcc/arm-none-eabi/5.4.1/armv7e-m\libgcc.a(_udivmoddi4.o)
                0x08000e80                __udivmoddi4
 .text          0x08001164        0x4 e:/embedded/tourkey/tools/arm gcc/bin/../lib/gcc/arm-none-eabi/5.4.1/armv7e-m\libgcc.a(_dvmd_tls.o)
                0x08001164                __aeabi_idiv0
                0x08001164                __aeabi_ldiv0
 .text.__errno  0x08001168        0xc e:/embedded/tourkey/tools/arm gcc/bin/../lib/gcc/arm-none-eabi/5.4.1/../../../../arm-none-eabi/lib/armv7e-m\libg_nano.a(lib_a-errno.o)
                0x08001168                __errno
 .text._vsnprintf_r
                0x08001174       0x56 e:/embedded/tourkey/tools/arm gcc/bin/../lib/gcc/arm-none-eabi/5.4.1/../../../../arm-none-eabi/lib/armv7e-m\libg_nano.a(lib_a-vsnprintf.o)
                0x08001174                _vsniprintf_r
                0x08001174                _vsnprintf_r
 *fill*         0x080011ca        0x2 
 .text.vsnprintf
                0x080011cc       0x1c e:/embedded/tourkey/tools/arm gcc/bin/../lib/gcc/arm-none-eabi/5.4.1/../../../../arm-none-eabi/lib/armv7e-m\libg_nano.a(lib_a-vsnprintf.o)
                0x080011cc                vsniprintf
                0x080011cc                vsnprintf
 .text.__ssputs_r
                0x080011e8       0xb2 e:/embedded/tourkey/tools/arm gcc/bin/../lib/gcc/arm-none-eabi/5.4.1/../../../../arm-none-eabi/lib/armv7e-m\libg_nano.a(lib_a-nano-svfprintf.o)
                0x080011e8                __ssputs_r
 *fill*         0x0800129a        0x2 
 .text._svfprintf_r
                0x0800129c      0x1e8 e:/embedded/tourkey/tools/arm gcc/bin/../lib/gcc/arm-none-eabi/5.4.1/../../../../arm-none-eabi/lib/armv7e-m\libg_nano.a(lib_a-nano-svfprintf.o)
                0x0800129c                _svfiprintf_r
                0x0800129c                _svfprintf_r
 .text._printf_common
                0x08001484       0xec e:/embedded/tourkey/tools/arm gcc/bin/../lib/gcc/arm-none-eabi/5.4.1/../../../../arm-none-eabi/lib/armv7e-m\libg_nano.a(lib_a-nano-vfprintf_i.o)
                0x08001484                _printf_common
 .text._printf_i
                0x08001570      0x24c e:/embedded/tourkey/tools/arm gcc/bin/../lib/gcc/arm-none-eabi/5.4.1/../../../../arm-none-eabi/lib/armv7e-m\libg_nano.a(lib_a-nano-vfprintf_i.o)
                0x08001570                _printf_i
 *fill*         0x080017bc        0x4 
 .text          0x080017c0       0xa0 e:/embedded/tourkey/tools/arm gcc/bin/../lib/gcc/arm-none-eabi/5.4.1/../../../../arm-none-eabi/lib/armv7e-m\libg_nano.a(lib_a-memchr.o)
                0x080017c0                memchr
 .text.memcpy   0x08001860       0x16 e:/embedded/tourkey/tools/arm gcc/bin/../lib/gcc/arm-none-eabi/5.4.1/../../../../arm-none-eabi/lib/armv7e-m\libg_nano.a(lib_a-memcpy-stub.o)
                0x08001860                memcpy
 .text.memmove  0x08001876       0x36 e:/embedded/tourkey/tools/arm gcc/bin/../lib/gcc/arm-none-eabi/5.4.1/../../../../arm-none-eabi/lib/armv7e-m\libg_nano.a(lib_a-memmove.o)
                0x08001876                memmove
 .text._free_r  0x080018ac       0x9c e:/embedded/tourkey/tools/arm gcc/bin/../lib/gcc/arm-none-eabi/5.4.1/../../../../arm-none-eabi/lib/armv7e-m\libg_nano.a(lib_a-nano-freer.o)
                0x080018ac                _free_r
 .text._malloc_r
                0x08001948       0xbc e:/embedded/tourkey/tools/arm gcc/bin/../lib/gcc/arm-none-eabi/5.4.1/../../../../arm-none-eabi/lib/armv7e-m\libg_nano.a(lib_a-nano-mallocr.o)
                0x08001948                _malloc_r
 .text._realloc_r
                0x08001a04       0x4c e:/embedded/tourkey/tools/arm gcc/bin/../lib/gcc/arm-none-eabi/5.4.1/../../../../arm-none-eabi/lib/armv7e-m\libg_nano.a(lib_a-nano-reallocr.o)
                0x08001a04                _realloc_r
 .text._sbrk_r  0x08001a50       0x20 e:/embedded/tourkey/tools/arm gcc/bin/../lib/gcc/arm-none-eabi/5.4.1/../../../../arm-none-eabi/lib/armv7e-m\libg_nano.a(lib_a-sbrkr.o)
                0x08001a50                _sbrk_r
 .text.__malloc_lock
                0x08001a70        0x2 e:/embedded/tourkey/tools/arm gcc/bin/../lib/gcc/arm-none-eabi/5.4.1/../../../../arm-none-eabi/lib/armv7e-m\libg_nano.a(lib_a-mlock.o)
                0x08001a70                __malloc_lock
 .text.__malloc_unlock
                0x08001a72        0x2 e:/embedded/tourkey/tools/arm gcc/bin/../lib/gcc/arm-none-eabi/5.4.1/../../../../arm-none-eabi/lib/armv7e-m\libg_nano.a(lib_a-mlock.o)
                0x08001a72                __malloc_unlock
 .text._malloc_usable_size_r
                0x08001a74       0x14 e:/embedded/tourkey/tools/arm gcc/bin/../lib/gcc/arm-none-eabi/5.4.1/../../../../arm-none-eabi/lib/armv7e-m\libg_nano.a(lib_a-nano-msizer.o)
                0x08001a74                _malloc_usable_size_r
 *(.rodata .rodata.* .constdata .constdata.*)
 .rodata.str1.4
                0x08001a88      0x146 ./system/src/cortexm/exception-handlers.o
 *fill*         0x08001bce        0x2 
 .rodata.AHBPrescTable
                0x08001bd0       0x10 ./system/src/cmsis/system_stm32f4xx.o
                0x08001bd0                AHBPrescTable
 .rodata.str1.4
                0x08001be0       0x36 ./src/4-Service/SCHED_Config.o
 *fill*         0x08001c16        0x2 
 .rodata.RUN_LIST
                0x08001c18       0x30 ./src/4-Service/SCHED_Config.o
                0x08001c18                RUN_LIST
 .rodata.str1.4
                0x08001c48        0x8 ./src/03-APP/testLCD.o
                                  0x6 (size before relaxing)
 .rodata.LEDARR
                0x08001c50       0x18 ./src/02-HAL/LED/LED_Config.o
                0x08001c50                LEDARR
 .rodata.PIN_CONFIG
                0x08001c68       0x58 ./src/02-HAL/LCD/LCD_Config.o
                0x08001c68                PIN_CONFIG
 .rodata.GPIO   0x08001cc0        0xc ./src/01-MCAL/GPIO/GPIO.o
 .rodata.str1.1
                0x08001ccc       0x11 e:/embedded/tourkey/tools/arm gcc/bin/../lib/gcc/arm-none-eabi/5.4.1/../../../../arm-none-eabi/lib/armv7e-m\libg_nano.a(lib_a-nano-svfprintf.o)
 .rodata.str1.1
                0x08001cdd       0x22 e:/embedded/tourkey/tools/arm gcc/bin/../lib/gcc/arm-none-eabi/5.4.1/../../../../arm-none-eabi/lib/armv7e-m\libg_nano.a(lib_a-nano-vfprintf_i.o)
 *(vtable)
 *(.eh_frame*)
 *(.glue_7)
 .glue_7        0x08001cff        0x0 linker stubs
 *(.glue_7t)
 .glue_7t       0x08001cff        0x0 linker stubs

.vfp11_veneer   0x08001d00        0x0
 .vfp11_veneer  0x08001d00        0x0 linker stubs

.v4_bx          0x08001d00        0x0
 .v4_bx         0x08001d00        0x0 linker stubs

.iplt           0x08001d00        0x0
 .iplt          0x08001d00        0x0 ./system/src/newlib/assert.o

.ARM.extab
 *(.ARM.extab* .gnu.linkonce.armextab.*)
                0x08001d00                . = ALIGN (0x4)
                0x08001d00                __exidx_start = .

.ARM.exidx      0x08001d00        0x8
 *(.ARM.exidx* .gnu.linkonce.armexidx.*)
 .ARM.exidx     0x08001d00        0x8 e:/embedded/tourkey/tools/arm gcc/bin/../lib/gcc/arm-none-eabi/5.4.1/armv7e-m\libgcc.a(_udivmoddi4.o)
                0x08001d08                __exidx_end = .

.rel.dyn        0x08001d08        0x0
 .rel.iplt      0x08001d08        0x0 ./system/src/newlib/assert.o
                0x08001d08                . = ALIGN (0x4)
                0x08001d08                _etext = .
                0x08001d08                __etext = .

.data_CCMRAM    0x10000000        0x0 load address 0x08001d08
 FILL mask 0xff
 *(.data.CCMRAM .data.CCMRAM.*)
                0x10000000                . = ALIGN (0x4)
                0x08001d08                _sidata = LOADADDR (.data)

.data           0x20000000       0x88 load address 0x08001d08
 FILL mask 0xff
                0x20000000                _sdata = .
                0x20000000                __data_start__ = .
 *(.data_begin .data_begin.*)
 .data_begin    0x20000000        0x4 ./system/src/newlib/startup.o
 *(.data .data.*)
 .data.argv.4290
                0x20000004        0x8 ./system/src/newlib/syscalls.o
 .data.SystemCoreClock
                0x2000000c        0x4 ./system/src/cmsis/system_stm32f4xx.o
                0x2000000c                SystemCoreClock
 .data.WRITE_STRING
                0x20000010        0x1 ./src/02-HAL/LCD/LCD.o
 *fill*         0x20000011        0x3 ff
 .data.OPERATION
                0x20000014        0xc ./src/02-HAL/LCD/LCD.o
 .data.impure_data
                0x20000020       0x60 e:/embedded/tourkey/tools/arm gcc/bin/../lib/gcc/arm-none-eabi/5.4.1/../../../../arm-none-eabi/lib/armv7e-m\libg_nano.a(lib_a-impure.o)
 .data._impure_ptr
                0x20000080        0x4 e:/embedded/tourkey/tools/arm gcc/bin/../lib/gcc/arm-none-eabi/5.4.1/../../../../arm-none-eabi/lib/armv7e-m\libg_nano.a(lib_a-impure.o)
                0x20000080                _impure_ptr
 *(.data_end .data_end.*)
 .data_end      0x20000084        0x4 ./system/src/newlib/startup.o
                0x20000088                . = ALIGN (0x4)
                0x20000088                _edata = .
                0x20000088                __data_end__ = .

.igot.plt       0x20000088        0x0 load address 0x08001d90
 .igot.plt      0x20000088        0x0 ./system/src/newlib/assert.o

.bss_CCMRAM     0x10000000        0x0
 *(.bss.CCMRAM .bss.CCMRAM.*)

.bss            0x20000088       0xd4
                0x20000088                __bss_start__ = .
                0x20000088                _sbss = .
 *(.bss_begin .bss_begin.*)
 .bss_begin     0x20000088        0x4 ./system/src/newlib/startup.o
 *(.bss .bss.*)
 .bss.current_heap_end.3974
                0x2000008c        0x4 ./system/src/newlib/sbrk.o
 .bss.name.4289
                0x20000090        0x1 ./system/src/newlib/syscalls.o
 *fill*         0x20000091        0x3 
 .bss.buf.5179  0x20000094       0x80 ./system/src/diag/trace.o
 *fill*         0x20000114        0x4 
 .bss.TimeStamp
                0x20000118        0x8 ./src/4-Service/SCHED.o
 .bss.PendingTicks
                0x20000120        0x4 ./src/4-Service/SCHED.o
 .bss.Current_State.3750
                0x20000124        0x1 ./src/03-APP/StateMachine.o
 *fill*         0x20000125        0x3 
 .bss.Counter.3752
                0x20000128        0x4 ./src/03-APP/StateMachine.o
 .bss.Prev_State.3751
                0x2000012c        0x1 ./src/03-APP/StateMachine.o
 *fill*         0x2000012d        0x3 
 .bss.INIT      0x20000130        0x8 ./src/02-HAL/LCD/LCD.o
 .bss.STRING    0x20000138        0x8 ./src/02-HAL/LCD/LCD.o
 .bss.LCD       0x20000140        0x8 ./src/02-HAL/LCD/LCD.o
 .bss.Handler_variable
                0x20000148        0x4 ./src/01-MCAL/SYSTICK/SYSTICK.o
 .bss.__malloc_sbrk_start
                0x2000014c        0x4 e:/embedded/tourkey/tools/arm gcc/bin/../lib/gcc/arm-none-eabi/5.4.1/../../../../arm-none-eabi/lib/armv7e-m\libg_nano.a(lib_a-nano-mallocr.o)
                0x2000014c                __malloc_sbrk_start
 .bss.__malloc_free_list
                0x20000150        0x4 e:/embedded/tourkey/tools/arm gcc/bin/../lib/gcc/arm-none-eabi/5.4.1/../../../../arm-none-eabi/lib/armv7e-m\libg_nano.a(lib_a-nano-mallocr.o)
                0x20000150                __malloc_free_list
 *(COMMON)
 COMMON         0x20000154        0x4 ./system/src/newlib/syscalls.o
                0x20000154                errno
 *(.bss_end .bss_end.*)
 .bss_end       0x20000158        0x4 ./system/src/newlib/startup.o
                0x2000015c                . = ALIGN (0x4)
                0x2000015c                __bss_end__ = .
                0x2000015c                _ebss = .

.noinit_CCMRAM
 *(.noinit.CCMRAM .noinit.CCMRAM.*)

.noinit         0x2000015c        0x0
                0x2000015c                _noinit = .
 *(.noinit .noinit.*)
                0x2000015c                . = ALIGN (0x4)
                0x2000015c                _end_noinit = .
                [!provide]                PROVIDE (end, _end_noinit)
                [!provide]                PROVIDE (_end, _end_noinit)
                [!provide]                PROVIDE (__end, _end_noinit)
                [!provide]                PROVIDE (__end__, _end_noinit)

._check_stack   0x2000015c      0x100
                0x2000025c                . = (. + _Minimum_Stack_Size)
 *fill*         0x2000015c      0x100 

.b1text
 *(.b1text)
 *(.b1rodata)
 *(.b1rodata.*)

.eb0text
 *(.eb0text)
 *(.eb0rodata)
 *(.eb0rodata.*)

.eb1text
 *(.eb1text)
 *(.eb1rodata)
 *(.eb1rodata.*)

.eb2text
 *(.eb2text)
 *(.eb2rodata)
 *(.eb2rodata.*)

.eb3text
 *(.eb3text)
 *(.eb3rodata)
 *(.eb3rodata.*)

.stab
 *(.stab)

.stabstr
 *(.stabstr)

.stab.excl
 *(.stab.excl)

.stab.exclstr
 *(.stab.exclstr)

.stab.index
 *(.stab.index)

.stab.indexstr
 *(.stab.indexstr)

.comment        0x00000000       0x6e
 *(.comment)
 .comment       0x00000000       0x6e ./system/src/newlib/exit.o
                                 0x6f (size before relaxing)
 .comment       0x0000006e       0x6f ./system/src/newlib/sbrk.o
 .comment       0x0000006e       0x6f ./system/src/newlib/startup.o
 .comment       0x0000006e       0x6f ./system/src/newlib/syscalls.o
 .comment       0x0000006e       0x6f ./system/src/diag/trace-impl.o
 .comment       0x0000006e       0x6f ./system/src/diag/trace.o
 .comment       0x0000006e       0x6f ./system/src/cortexm/exception-handlers.o
 .comment       0x0000006e       0x6f ./system/src/cortexm/initialize-hardware.o
 .comment       0x0000006e       0x6f ./system/src/cmsis/system_stm32f4xx.o
 .comment       0x0000006e       0x6f ./system/src/cmsis/vectors_stm32f401xc.o
 .comment       0x0000006e       0x6f ./src/4-Service/CLOCK_CONFIG.o
 .comment       0x0000006e       0x6f ./src/4-Service/SCHED.o
 .comment       0x0000006e       0x6f ./src/4-Service/SCHED_Config.o
 .comment       0x0000006e       0x6f ./src/03-APP/StateMachine.o
 .comment       0x0000006e       0x6f ./src/03-APP/testLCD.o
 .comment       0x0000006e       0x6f ./src/02-HAL/LED/LED.o
 .comment       0x0000006e       0x6f ./src/02-HAL/LED/LED_Config.o
 .comment       0x0000006e       0x6f ./src/02-HAL/LCD/LCD.o
 .comment       0x0000006e       0x6f ./src/02-HAL/LCD/LCD_Config.o
 .comment       0x0000006e       0x6f ./src/01-MCAL/SYSTICK/SYSTICK.o
 .comment       0x0000006e       0x6f ./src/01-MCAL/RCC/RCC.o
 .comment       0x0000006e       0x6f ./src/01-MCAL/GPIO/GPIO.o
 .comment       0x0000006e       0x6f ./src/main.o

.ARM.attributes
                0x00000000       0x31
 .ARM.attributes
                0x00000000       0x33 ./system/src/newlib/exit.o
 .ARM.attributes
                0x00000033       0x33 ./system/src/newlib/sbrk.o
 .ARM.attributes
                0x00000066       0x33 ./system/src/newlib/startup.o
 .ARM.attributes
                0x00000099       0x33 ./system/src/newlib/syscalls.o
 .ARM.attributes
                0x000000cc       0x33 ./system/src/diag/trace-impl.o
 .ARM.attributes
                0x000000ff       0x33 ./system/src/diag/trace.o
 .ARM.attributes
                0x00000132       0x33 ./system/src/cortexm/exception-handlers.o
 .ARM.attributes
                0x00000165       0x33 ./system/src/cortexm/initialize-hardware.o
 .ARM.attributes
                0x00000198       0x33 ./system/src/cmsis/system_stm32f4xx.o
 .ARM.attributes
                0x000001cb       0x33 ./system/src/cmsis/vectors_stm32f401xc.o
 .ARM.attributes
                0x000001fe       0x33 ./src/4-Service/CLOCK_CONFIG.o
 .ARM.attributes
                0x00000231       0x33 ./src/4-Service/SCHED.o
 .ARM.attributes
                0x00000264       0x33 ./src/4-Service/SCHED_Config.o
 .ARM.attributes
                0x00000297       0x33 ./src/03-APP/StateMachine.o
 .ARM.attributes
                0x000002ca       0x33 ./src/03-APP/testLCD.o
 .ARM.attributes
                0x000002fd       0x33 ./src/02-HAL/LED/LED.o
 .ARM.attributes
                0x00000330       0x33 ./src/02-HAL/LED/LED_Config.o
 .ARM.attributes
                0x00000363       0x33 ./src/02-HAL/LCD/LCD.o
 .ARM.attributes
                0x00000396       0x33 ./src/02-HAL/LCD/LCD_Config.o
 .ARM.attributes
                0x000003c9       0x33 ./src/01-MCAL/SYSTICK/SYSTICK.o
 .ARM.attributes
                0x000003fc       0x33 ./src/01-MCAL/RCC/RCC.o
 .ARM.attributes
                0x0000042f       0x33 ./src/01-MCAL/GPIO/GPIO.o
 .ARM.attributes
                0x00000462       0x33 ./src/main.o
 .ARM.attributes
                0x00000495       0x1e e:/embedded/tourkey/tools/arm gcc/bin/../lib/gcc/arm-none-eabi/5.4.1/armv7e-m\libgcc.a(_aeabi_uldivmod.o)
 .ARM.attributes
                0x000004b3       0x2e e:/embedded/tourkey/tools/arm gcc/bin/../lib/gcc/arm-none-eabi/5.4.1/armv7e-m\libgcc.a(_udivmoddi4.o)
 .ARM.attributes
                0x000004e1       0x1e e:/embedded/tourkey/tools/arm gcc/bin/../lib/gcc/arm-none-eabi/5.4.1/armv7e-m\libgcc.a(_dvmd_tls.o)
 .ARM.attributes
                0x000004ff       0x2e e:/embedded/tourkey/tools/arm gcc/bin/../lib/gcc/arm-none-eabi/5.4.1/../../../../arm-none-eabi/lib/armv7e-m\libg_nano.a(lib_a-errno.o)
 .ARM.attributes
                0x0000052d       0x2e e:/embedded/tourkey/tools/arm gcc/bin/../lib/gcc/arm-none-eabi/5.4.1/../../../../arm-none-eabi/lib/armv7e-m\libg_nano.a(lib_a-impure.o)
 .ARM.attributes
                0x0000055b       0x2e e:/embedded/tourkey/tools/arm gcc/bin/../lib/gcc/arm-none-eabi/5.4.1/../../../../arm-none-eabi/lib/armv7e-m\libg_nano.a(lib_a-vsnprintf.o)
 .ARM.attributes
                0x00000589       0x2e e:/embedded/tourkey/tools/arm gcc/bin/../lib/gcc/arm-none-eabi/5.4.1/../../../../arm-none-eabi/lib/armv7e-m\libg_nano.a(lib_a-nano-svfprintf.o)
 .ARM.attributes
                0x000005b7       0x2e e:/embedded/tourkey/tools/arm gcc/bin/../lib/gcc/arm-none-eabi/5.4.1/../../../../arm-none-eabi/lib/armv7e-m\libg_nano.a(lib_a-nano-vfprintf_i.o)
 .ARM.attributes
                0x000005e5       0x1c e:/embedded/tourkey/tools/arm gcc/bin/../lib/gcc/arm-none-eabi/5.4.1/../../../../arm-none-eabi/lib/armv7e-m\libg_nano.a(lib_a-memchr.o)
 .ARM.attributes
                0x00000601       0x2e e:/embedded/tourkey/tools/arm gcc/bin/../lib/gcc/arm-none-eabi/5.4.1/../../../../arm-none-eabi/lib/armv7e-m\libg_nano.a(lib_a-memcpy-stub.o)
 .ARM.attributes
                0x0000062f       0x2e e:/embedded/tourkey/tools/arm gcc/bin/../lib/gcc/arm-none-eabi/5.4.1/../../../../arm-none-eabi/lib/armv7e-m\libg_nano.a(lib_a-memmove.o)
 .ARM.attributes
                0x0000065d       0x2e e:/embedded/tourkey/tools/arm gcc/bin/../lib/gcc/arm-none-eabi/5.4.1/../../../../arm-none-eabi/lib/armv7e-m\libg_nano.a(lib_a-nano-freer.o)
 .ARM.attributes
                0x0000068b       0x2e e:/embedded/tourkey/tools/arm gcc/bin/../lib/gcc/arm-none-eabi/5.4.1/../../../../arm-none-eabi/lib/armv7e-m\libg_nano.a(lib_a-nano-mallocr.o)
 .ARM.attributes
                0x000006b9       0x2e e:/embedded/tourkey/tools/arm gcc/bin/../lib/gcc/arm-none-eabi/5.4.1/../../../../arm-none-eabi/lib/armv7e-m\libg_nano.a(lib_a-nano-reallocr.o)
 .ARM.attributes
                0x000006e7       0x2e e:/embedded/tourkey/tools/arm gcc/bin/../lib/gcc/arm-none-eabi/5.4.1/../../../../arm-none-eabi/lib/armv7e-m\libg_nano.a(lib_a-sbrkr.o)
 .ARM.attributes
                0x00000715       0x2e e:/embedded/tourkey/tools/arm gcc/bin/../lib/gcc/arm-none-eabi/5.4.1/../../../../arm-none-eabi/lib/armv7e-m\libg_nano.a(lib_a-mlock.o)
 .ARM.attributes
                0x00000743       0x2e e:/embedded/tourkey/tools/arm gcc/bin/../lib/gcc/arm-none-eabi/5.4.1/../../../../arm-none-eabi/lib/armv7e-m\libg_nano.a(lib_a-nano-msizer.o)

.debug
 *(.debug)

.line
 *(.line)

.debug_srcinfo
 *(.debug_srcinfo)

.debug_sfnames
 *(.debug_sfnames)

.debug_aranges  0x00000000      0x560
 *(.debug_aranges)
 .debug_aranges
                0x00000000       0x28 ./system/src/newlib/exit.o
 .debug_aranges
                0x00000028       0x20 ./system/src/newlib/sbrk.o
 .debug_aranges
                0x00000048       0x40 ./system/src/newlib/startup.o
 .debug_aranges
                0x00000088       0x30 ./system/src/newlib/syscalls.o
 .debug_aranges
                0x000000b8       0x30 ./system/src/diag/trace-impl.o
 .debug_aranges
                0x000000e8       0x38 ./system/src/diag/trace.o
 .debug_aranges
                0x00000120       0x90 ./system/src/cortexm/exception-handlers.o
 .debug_aranges
                0x000001b0       0x28 ./system/src/cortexm/initialize-hardware.o
 .debug_aranges
                0x000001d8       0x28 ./system/src/cmsis/system_stm32f4xx.o
 .debug_aranges
                0x00000200       0x20 ./system/src/cmsis/vectors_stm32f401xc.o
 .debug_aranges
                0x00000220       0x20 ./src/4-Service/CLOCK_CONFIG.o
 .debug_aranges
                0x00000240       0x38 ./src/4-Service/SCHED.o
 .debug_aranges
                0x00000278       0x18 ./src/4-Service/SCHED_Config.o
 .debug_aranges
                0x00000290       0x28 ./src/03-APP/StateMachine.o
 .debug_aranges
                0x000002b8       0x20 ./src/03-APP/testLCD.o
 .debug_aranges
                0x000002d8       0x28 ./src/02-HAL/LED/LED.o
 .debug_aranges
                0x00000300       0x18 ./src/02-HAL/LED/LED_Config.o
 .debug_aranges
                0x00000318       0xd8 ./src/02-HAL/LCD/LCD.o
 .debug_aranges
                0x000003f0       0x18 ./src/02-HAL/LCD/LCD_Config.o
 .debug_aranges
                0x00000408       0x70 ./src/01-MCAL/SYSTICK/SYSTICK.o
 .debug_aranges
                0x00000478       0x98 ./src/01-MCAL/RCC/RCC.o
 .debug_aranges
                0x00000510       0x30 ./src/01-MCAL/GPIO/GPIO.o
 .debug_aranges
                0x00000540       0x20 ./src/main.o

.debug_pubnames
 *(.debug_pubnames)

.debug_info     0x00000000     0x496c
 *(.debug_info .gnu.linkonce.wi.*)
 .debug_info    0x00000000       0xef ./system/src/newlib/exit.o
 .debug_info    0x000000ef      0x11f ./system/src/newlib/sbrk.o
 .debug_info    0x0000020e      0x4f2 ./system/src/newlib/startup.o
 .debug_info    0x00000700      0x1c7 ./system/src/newlib/syscalls.o
 .debug_info    0x000008c7      0x30b ./system/src/diag/trace-impl.o
 .debug_info    0x00000bd2      0x2e7 ./system/src/diag/trace.o
 .debug_info    0x00000eb9      0x8f4 ./system/src/cortexm/exception-handlers.o
 .debug_info    0x000017ad      0x2b8 ./system/src/cortexm/initialize-hardware.o
 .debug_info    0x00001a65      0x502 ./system/src/cmsis/system_stm32f4xx.o
 .debug_info    0x00001f67       0xd1 ./system/src/cmsis/vectors_stm32f401xc.o
 .debug_info    0x00002038      0x1f3 ./src/4-Service/CLOCK_CONFIG.o
 .debug_info    0x0000222b      0x279 ./src/4-Service/SCHED.o
 .debug_info    0x000024a4      0x12d ./src/4-Service/SCHED_Config.o
 .debug_info    0x000025d1      0x22c ./src/03-APP/StateMachine.o
 .debug_info    0x000027fd       0xa9 ./src/03-APP/testLCD.o
 .debug_info    0x000028a6      0x48a ./src/02-HAL/LED/LED.o
 .debug_info    0x00002d30      0x188 ./src/02-HAL/LED/LED_Config.o
 .debug_info    0x00002eb8      0x9bc ./src/02-HAL/LCD/LCD.o
 .debug_info    0x00003874      0x15d ./src/02-HAL/LCD/LCD_Config.o
 .debug_info    0x000039d1      0x2d8 ./src/01-MCAL/SYSTICK/SYSTICK.o
 .debug_info    0x00003ca9      0x77f ./src/01-MCAL/RCC/RCC.o
 .debug_info    0x00004428      0x40d ./src/01-MCAL/GPIO/GPIO.o
 .debug_info    0x00004835      0x137 ./src/main.o

.debug_abbrev   0x00000000     0x17ff
 *(.debug_abbrev)
 .debug_abbrev  0x00000000       0x8e ./system/src/newlib/exit.o
 .debug_abbrev  0x0000008e       0xb9 ./system/src/newlib/sbrk.o
 .debug_abbrev  0x00000147      0x1b6 ./system/src/newlib/startup.o
 .debug_abbrev  0x000002fd       0xec ./system/src/newlib/syscalls.o
 .debug_abbrev  0x000003e9      0x1c8 ./system/src/diag/trace-impl.o
 .debug_abbrev  0x000005b1      0x156 ./system/src/diag/trace.o
 .debug_abbrev  0x00000707      0x247 ./system/src/cortexm/exception-handlers.o
 .debug_abbrev  0x0000094e       0xea ./system/src/cortexm/initialize-hardware.o
 .debug_abbrev  0x00000a38      0x104 ./system/src/cmsis/system_stm32f4xx.o
 .debug_abbrev  0x00000b3c       0x9d ./system/src/cmsis/vectors_stm32f401xc.o
 .debug_abbrev  0x00000bd9       0x9b ./src/4-Service/CLOCK_CONFIG.o
 .debug_abbrev  0x00000c74      0x199 ./src/4-Service/SCHED.o
 .debug_abbrev  0x00000e0d       0x99 ./src/4-Service/SCHED_Config.o
 .debug_abbrev  0x00000ea6       0xd1 ./src/03-APP/StateMachine.o
 .debug_abbrev  0x00000f77       0x64 ./src/03-APP/testLCD.o
 .debug_abbrev  0x00000fdb      0x13b ./src/02-HAL/LED/LED.o
 .debug_abbrev  0x00001116       0xa1 ./src/02-HAL/LED/LED_Config.o
 .debug_abbrev  0x000011b7      0x222 ./src/02-HAL/LCD/LCD.o
 .debug_abbrev  0x000013d9       0x89 ./src/02-HAL/LCD/LCD_Config.o
 .debug_abbrev  0x00001462      0x130 ./src/01-MCAL/SYSTICK/SYSTICK.o
 .debug_abbrev  0x00001592       0xed ./src/01-MCAL/RCC/RCC.o
 .debug_abbrev  0x0000167f      0x105 ./src/01-MCAL/GPIO/GPIO.o
 .debug_abbrev  0x00001784       0x7b ./src/main.o

.debug_line     0x00000000     0x4b0a
 *(.debug_line)
 .debug_line    0x00000000      0x2e0 ./system/src/newlib/exit.o
 .debug_line    0x000002e0      0x291 ./system/src/newlib/sbrk.o
 .debug_line    0x00000571      0x359 ./system/src/newlib/startup.o
 .debug_line    0x000008ca      0x395 ./system/src/newlib/syscalls.o
 .debug_line    0x00000c5f      0xa6b ./system/src/diag/trace-impl.o
 .debug_line    0x000016ca      0x34f ./system/src/diag/trace.o
 .debug_line    0x00001a19      0xb15 ./system/src/cortexm/exception-handlers.o
 .debug_line    0x0000252e      0x80b ./system/src/cortexm/initialize-hardware.o
 .debug_line    0x00002d39      0x806 ./system/src/cmsis/system_stm32f4xx.o
 .debug_line    0x0000353f       0xef ./system/src/cmsis/vectors_stm32f401xc.o
 .debug_line    0x0000362e      0x19a ./src/4-Service/CLOCK_CONFIG.o
 .debug_line    0x000037c8      0x1ac ./src/4-Service/SCHED.o
 .debug_line    0x00003974       0xc2 ./src/4-Service/SCHED_Config.o
 .debug_line    0x00003a36      0x117 ./src/03-APP/StateMachine.o
 .debug_line    0x00003b4d       0xb3 ./src/03-APP/testLCD.o
 .debug_line    0x00003c00      0x196 ./src/02-HAL/LED/LED.o
 .debug_line    0x00003d96       0x86 ./src/02-HAL/LED/LED_Config.o
 .debug_line    0x00003e1c      0x338 ./src/02-HAL/LCD/LCD.o
 .debug_line    0x00004154       0xca ./src/02-HAL/LCD/LCD_Config.o
 .debug_line    0x0000421e      0x1c2 ./src/01-MCAL/SYSTICK/SYSTICK.o
 .debug_line    0x000043e0      0x218 ./src/01-MCAL/RCC/RCC.o
 .debug_line    0x000045f8      0x10c ./src/01-MCAL/GPIO/GPIO.o
 .debug_line    0x00004704      0x406 ./src/main.o

.debug_frame    0x00000000      0xcf4
 *(.debug_frame)
 .debug_frame   0x00000000       0x38 ./system/src/newlib/exit.o
 .debug_frame   0x00000038       0x28 ./system/src/newlib/sbrk.o
 .debug_frame   0x00000060       0x7c ./system/src/newlib/startup.o
 .debug_frame   0x000000dc       0x50 ./system/src/newlib/syscalls.o
 .debug_frame   0x0000012c       0x60 ./system/src/diag/trace-impl.o
 .debug_frame   0x0000018c       0x94 ./system/src/diag/trace.o
 .debug_frame   0x00000220      0x158 ./system/src/cortexm/exception-handlers.o
 .debug_frame   0x00000378       0x40 ./system/src/cortexm/initialize-hardware.o
 .debug_frame   0x000003b8       0x30 ./system/src/cmsis/system_stm32f4xx.o
 .debug_frame   0x000003e8       0x20 ./system/src/cmsis/vectors_stm32f401xc.o
 .debug_frame   0x00000408       0x28 ./src/4-Service/CLOCK_CONFIG.o
 .debug_frame   0x00000430       0x70 ./src/4-Service/SCHED.o
 .debug_frame   0x000004a0       0x40 ./src/03-APP/StateMachine.o
 .debug_frame   0x000004e0       0x28 ./src/03-APP/testLCD.o
 .debug_frame   0x00000508       0x48 ./src/02-HAL/LED/LED.o
 .debug_frame   0x00000550      0x21c ./src/02-HAL/LCD/LCD.o
 .debug_frame   0x0000076c       0xd0 ./src/01-MCAL/SYSTICK/SYSTICK.o
 .debug_frame   0x0000083c      0x110 ./src/01-MCAL/RCC/RCC.o
 .debug_frame   0x0000094c       0x5c ./src/01-MCAL/GPIO/GPIO.o
 .debug_frame   0x000009a8       0x28 ./src/main.o
 .debug_frame   0x000009d0       0x2c e:/embedded/tourkey/tools/arm gcc/bin/../lib/gcc/arm-none-eabi/5.4.1/armv7e-m\libgcc.a(_aeabi_uldivmod.o)
 .debug_frame   0x000009fc       0x34 e:/embedded/tourkey/tools/arm gcc/bin/../lib/gcc/arm-none-eabi/5.4.1/armv7e-m\libgcc.a(_udivmoddi4.o)
 .debug_frame   0x00000a30       0x20 e:/embedded/tourkey/tools/arm gcc/bin/../lib/gcc/arm-none-eabi/5.4.1/../../../../arm-none-eabi/lib/armv7e-m\libg_nano.a(lib_a-errno.o)
 .debug_frame   0x00000a50       0x48 e:/embedded/tourkey/tools/arm gcc/bin/../lib/gcc/arm-none-eabi/5.4.1/../../../../arm-none-eabi/lib/armv7e-m\libg_nano.a(lib_a-vsnprintf.o)
 .debug_frame   0x00000a98       0x90 e:/embedded/tourkey/tools/arm gcc/bin/../lib/gcc/arm-none-eabi/5.4.1/../../../../arm-none-eabi/lib/armv7e-m\libg_nano.a(lib_a-nano-svfprintf.o)
 .debug_frame   0x00000b28       0x60 e:/embedded/tourkey/tools/arm gcc/bin/../lib/gcc/arm-none-eabi/5.4.1/../../../../arm-none-eabi/lib/armv7e-m\libg_nano.a(lib_a-nano-vfprintf_i.o)
 .debug_frame   0x00000b88       0x28 e:/embedded/tourkey/tools/arm gcc/bin/../lib/gcc/arm-none-eabi/5.4.1/../../../../arm-none-eabi/lib/armv7e-m\libg_nano.a(lib_a-memcpy-stub.o)
 .debug_frame   0x00000bb0       0x28 e:/embedded/tourkey/tools/arm gcc/bin/../lib/gcc/arm-none-eabi/5.4.1/../../../../arm-none-eabi/lib/armv7e-m\libg_nano.a(lib_a-memmove.o)
 .debug_frame   0x00000bd8       0x38 e:/embedded/tourkey/tools/arm gcc/bin/../lib/gcc/arm-none-eabi/5.4.1/../../../../arm-none-eabi/lib/armv7e-m\libg_nano.a(lib_a-nano-freer.o)
 .debug_frame   0x00000c10       0x2c e:/embedded/tourkey/tools/arm gcc/bin/../lib/gcc/arm-none-eabi/5.4.1/../../../../arm-none-eabi/lib/armv7e-m\libg_nano.a(lib_a-nano-mallocr.o)
 .debug_frame   0x00000c3c       0x3c e:/embedded/tourkey/tools/arm gcc/bin/../lib/gcc/arm-none-eabi/5.4.1/../../../../arm-none-eabi/lib/armv7e-m\libg_nano.a(lib_a-nano-reallocr.o)
 .debug_frame   0x00000c78       0x2c e:/embedded/tourkey/tools/arm gcc/bin/../lib/gcc/arm-none-eabi/5.4.1/../../../../arm-none-eabi/lib/armv7e-m\libg_nano.a(lib_a-sbrkr.o)
 .debug_frame   0x00000ca4       0x30 e:/embedded/tourkey/tools/arm gcc/bin/../lib/gcc/arm-none-eabi/5.4.1/../../../../arm-none-eabi/lib/armv7e-m\libg_nano.a(lib_a-mlock.o)
 .debug_frame   0x00000cd4       0x20 e:/embedded/tourkey/tools/arm gcc/bin/../lib/gcc/arm-none-eabi/5.4.1/../../../../arm-none-eabi/lib/armv7e-m\libg_nano.a(lib_a-nano-msizer.o)

.debug_str      0x00000000    0xa7d29
 *(.debug_str)
 .debug_str     0x00000000     0x6d6d ./system/src/newlib/exit.o
                               0x6edf (size before relaxing)
 .debug_str     0x00006d6d      0x4dd ./system/src/newlib/sbrk.o
                               0x62ca (size before relaxing)
 .debug_str     0x0000724a      0xc28 ./system/src/newlib/startup.o
                               0x5ee5 (size before relaxing)
 .debug_str     0x00007e72      0xe17 ./system/src/newlib/syscalls.o
                               0x712a (size before relaxing)
 .debug_str     0x00008c89    0x9c647 ./system/src/diag/trace-impl.o
                              0xa32a7 (size before relaxing)
 .debug_str     0x000a52d0      0x884 ./system/src/diag/trace.o
                               0x76d0 (size before relaxing)
 .debug_str     0x000a5b54      0x20c ./system/src/cortexm/exception-handlers.o
                              0xa4069 (size before relaxing)
 .debug_str     0x000a5d60       0x5d ./system/src/cortexm/initialize-hardware.o
                              0x9f7b0 (size before relaxing)
 .debug_str     0x000a5dbd       0xf0 ./system/src/cmsis/system_stm32f4xx.o
                              0x9f8b0 (size before relaxing)
 .debug_str     0x000a5ead       0x59 ./system/src/cmsis/vectors_stm32f401xc.o
                               0x309d (size before relaxing)
 .debug_str     0x000a5f06      0x213 ./src/4-Service/CLOCK_CONFIG.o
                               0x2801 (size before relaxing)
 .debug_str     0x000a6119      0x181 ./src/4-Service/SCHED.o
                               0x27a0 (size before relaxing)
 .debug_str     0x000a629a       0x20 ./src/4-Service/SCHED_Config.o
                               0x2698 (size before relaxing)
 .debug_str     0x000a62ba      0x139 ./src/03-APP/StateMachine.o
                               0x2739 (size before relaxing)
 .debug_str     0x000a63f3       0x72 ./src/03-APP/testLCD.o
                               0x2656 (size before relaxing)
 .debug_str     0x000a6465      0x430 ./src/02-HAL/LED/LED.o
                               0x2a9f (size before relaxing)
 .debug_str     0x000a6895       0x1f ./src/02-HAL/LED/LED_Config.o
                               0x26ea (size before relaxing)
 .debug_str     0x000a68b4      0x7d1 ./src/02-HAL/LCD/LCD.o
                               0x313a (size before relaxing)
 .debug_str     0x000a7085       0xd3 ./src/02-HAL/LCD/LCD_Config.o
                               0x28e1 (size before relaxing)
 .debug_str     0x000a7158      0x24d ./src/01-MCAL/SYSTICK/SYSTICK.o
                               0x2947 (size before relaxing)
 .debug_str     0x000a73a5      0x73a ./src/01-MCAL/RCC/RCC.o
                               0x2f14 (size before relaxing)
 .debug_str     0x000a7adf      0x23c ./src/01-MCAL/GPIO/GPIO.o
                               0x2b1a (size before relaxing)
 .debug_str     0x000a7d1b        0xe ./src/main.o
                               0x768f (size before relaxing)

.debug_loc      0x00000000     0x13c2
 *(.debug_loc)
 .debug_loc     0x00000000       0x82 ./system/src/newlib/sbrk.o
 .debug_loc     0x00000082      0x36e ./system/src/newlib/startup.o
 .debug_loc     0x000003f0       0x63 ./system/src/newlib/syscalls.o
 .debug_loc     0x00000453      0x17c ./system/src/diag/trace-impl.o
 .debug_loc     0x000005cf      0x102 ./system/src/diag/trace.o
 .debug_loc     0x000006d1      0x2a8 ./system/src/cortexm/exception-handlers.o
 .debug_loc     0x00000979      0x132 ./system/src/cmsis/system_stm32f4xx.o
 .debug_loc     0x00000aab       0x6f ./src/4-Service/SCHED.o
 .debug_loc     0x00000b1a      0x111 ./src/02-HAL/LED/LED.o
 .debug_loc     0x00000c2b       0xf9 ./src/02-HAL/LCD/LCD.o
 .debug_loc     0x00000d24      0x1b4 ./src/01-MCAL/SYSTICK/SYSTICK.o
 .debug_loc     0x00000ed8      0x297 ./src/01-MCAL/RCC/RCC.o
 .debug_loc     0x0000116f      0x211 ./src/01-MCAL/GPIO/GPIO.o
 .debug_loc     0x00001380       0x42 ./src/main.o

.debug_macinfo
 *(.debug_macinfo)

.debug_weaknames
 *(.debug_weaknames)

.debug_funcnames
 *(.debug_funcnames)

.debug_typenames
 *(.debug_typenames)

.debug_varnames
 *(.debug_varnames)
OUTPUT(BLACKPILL.elf elf32-littlearm)

.debug_ranges   0x00000000      0x408
 .debug_ranges  0x00000000       0x18 ./system/src/newlib/exit.o
 .debug_ranges  0x00000018       0x10 ./system/src/newlib/sbrk.o
 .debug_ranges  0x00000028       0x30 ./system/src/newlib/startup.o
 .debug_ranges  0x00000058       0x20 ./system/src/newlib/syscalls.o
 .debug_ranges  0x00000078       0x38 ./system/src/diag/trace-impl.o
 .debug_ranges  0x000000b0       0x28 ./system/src/diag/trace.o
 .debug_ranges  0x000000d8       0x98 ./system/src/cortexm/exception-handlers.o
 .debug_ranges  0x00000170       0x18 ./system/src/cortexm/initialize-hardware.o
 .debug_ranges  0x00000188       0x18 ./system/src/cmsis/system_stm32f4xx.o
 .debug_ranges  0x000001a0       0x10 ./system/src/cmsis/vectors_stm32f401xc.o
 .debug_ranges  0x000001b0       0x10 ./src/4-Service/CLOCK_CONFIG.o
 .debug_ranges  0x000001c0       0x28 ./src/4-Service/SCHED.o
 .debug_ranges  0x000001e8       0x18 ./src/03-APP/StateMachine.o
 .debug_ranges  0x00000200       0x10 ./src/03-APP/testLCD.o
 .debug_ranges  0x00000210       0x18 ./src/02-HAL/LED/LED.o
 .debug_ranges  0x00000228       0xc8 ./src/02-HAL/LCD/LCD.o
 .debug_ranges  0x000002f0       0x60 ./src/01-MCAL/SYSTICK/SYSTICK.o
 .debug_ranges  0x00000350       0x88 ./src/01-MCAL/RCC/RCC.o
 .debug_ranges  0x000003d8       0x20 ./src/01-MCAL/GPIO/GPIO.o
 .debug_ranges  0x000003f8       0x10 ./src/main.o

.debug_macro    0x00000000    0x19551
 .debug_macro   0x00000000      0x19c ./system/src/newlib/exit.o
 .debug_macro   0x0000019c      0x151 ./system/src/newlib/sbrk.o
 .debug_macro   0x000002ed      0x174 ./system/src/newlib/sbrk.o
 .debug_macro   0x00000461       0x10 ./system/src/newlib/sbrk.o
 .debug_macro   0x00000471      0x23b ./system/src/newlib/sbrk.o
 .debug_macro   0x000006ac      0x15b ./system/src/newlib/startup.o
 .debug_macro   0x00000807      0x89e ./system/src/newlib/startup.o
 .debug_macro   0x000010a5      0x1ff ./system/src/newlib/syscalls.o
 .debug_macro   0x000012a4       0x1c ./system/src/newlib/syscalls.o
 .debug_macro   0x000012c0       0x10 ./system/src/newlib/syscalls.o
 .debug_macro   0x000012d0       0x10 ./system/src/newlib/syscalls.o
 .debug_macro   0x000012e0       0x10 ./system/src/newlib/syscalls.o
 .debug_macro   0x000012f0       0x35 ./system/src/newlib/syscalls.o
 .debug_macro   0x00001325      0x122 ./system/src/newlib/syscalls.o
 .debug_macro   0x00001447       0x88 ./system/src/newlib/syscalls.o
 .debug_macro   0x000014cf       0x2b ./system/src/newlib/syscalls.o
 .debug_macro   0x000014fa      0x118 ./system/src/newlib/syscalls.o
 .debug_macro   0x00001612      0x159 ./system/src/newlib/syscalls.o
 .debug_macro   0x0000176b       0x16 ./system/src/newlib/syscalls.o
 .debug_macro   0x00001781      0x4e2 ./system/src/diag/trace-impl.o
 .debug_macro   0x00001c63       0x2e ./system/src/diag/trace-impl.o
 .debug_macro   0x00001c91       0x28 ./system/src/diag/trace-impl.o
 .debug_macro   0x00001cb9       0x1c ./system/src/diag/trace-impl.o
 .debug_macro   0x00001cd5       0x22 ./system/src/diag/trace-impl.o
 .debug_macro   0x00001cf7       0xdf ./system/src/diag/trace-impl.o
 .debug_macro   0x00001dd6     0x102d ./system/src/diag/trace-impl.o
 .debug_macro   0x00002e03      0x11f ./system/src/diag/trace-impl.o
 .debug_macro   0x00002f22     0xb850 ./system/src/diag/trace-impl.o
 .debug_macro   0x0000e772       0x43 ./system/src/diag/trace-impl.o
 .debug_macro   0x0000e7b5      0x3a2 ./system/src/diag/trace-impl.o
 .debug_macro   0x0000eb57     0x3659 ./system/src/diag/trace-impl.o
 .debug_macro   0x000121b0       0x5a ./system/src/diag/trace-impl.o
 .debug_macro   0x0001220a      0x416 ./system/src/diag/trace-impl.o
 .debug_macro   0x00012620      0x9fe ./system/src/diag/trace-impl.o
 .debug_macro   0x0001301e      0x117 ./system/src/diag/trace-impl.o
 .debug_macro   0x00013135       0xf8 ./system/src/diag/trace-impl.o
 .debug_macro   0x0001322d       0x27 ./system/src/diag/trace-impl.o
 .debug_macro   0x00013254      0x15f ./system/src/diag/trace-impl.o
 .debug_macro   0x000133b3      0x287 ./system/src/diag/trace-impl.o
 .debug_macro   0x0001363a       0x5f ./system/src/diag/trace-impl.o
 .debug_macro   0x00013699      0x236 ./system/src/diag/trace-impl.o
 .debug_macro   0x000138cf      0x391 ./system/src/diag/trace-impl.o
 .debug_macro   0x00013c60      0x176 ./system/src/diag/trace-impl.o
 .debug_macro   0x00013dd6       0xf9 ./system/src/diag/trace-impl.o
 .debug_macro   0x00013ecf       0x22 ./system/src/diag/trace-impl.o
 .debug_macro   0x00013ef1      0x132 ./system/src/diag/trace-impl.o
 .debug_macro   0x00014023      0x23a ./system/src/diag/trace-impl.o
 .debug_macro   0x0001425d       0x2e ./system/src/diag/trace-impl.o
 .debug_macro   0x0001428b      0x1b5 ./system/src/diag/trace-impl.o
 .debug_macro   0x00014440       0x22 ./system/src/diag/trace-impl.o
 .debug_macro   0x00014462       0xd6 ./system/src/diag/trace-impl.o
 .debug_macro   0x00014538      0x279 ./system/src/diag/trace-impl.o
 .debug_macro   0x000147b1      0x1a7 ./system/src/diag/trace-impl.o
 .debug_macro   0x00014958       0x46 ./system/src/diag/trace-impl.o
 .debug_macro   0x0001499e       0x4a ./system/src/diag/trace-impl.o
 .debug_macro   0x000149e8       0x78 ./system/src/diag/trace-impl.o
 .debug_macro   0x00014a60      0x11a ./system/src/diag/trace-impl.o
 .debug_macro   0x00014b7a       0x85 ./system/src/diag/trace-impl.o
 .debug_macro   0x00014bff       0x89 ./system/src/diag/trace-impl.o
 .debug_macro   0x00014c88      0x31a ./system/src/diag/trace-impl.o
 .debug_macro   0x00014fa2      0x405 ./system/src/diag/trace-impl.o
 .debug_macro   0x000153a7       0xe4 ./system/src/diag/trace-impl.o
 .debug_macro   0x0001548b      0x861 ./system/src/diag/trace-impl.o
 .debug_macro   0x00015cec      0x1d5 ./system/src/diag/trace-impl.o
 .debug_macro   0x00015ec1      0x225 ./system/src/diag/trace-impl.o
 .debug_macro   0x000160e6      0x8a0 ./system/src/diag/trace-impl.o
 .debug_macro   0x00016986       0x47 ./system/src/diag/trace-impl.o
 .debug_macro   0x000169cd      0x287 ./system/src/diag/trace-impl.o
 .debug_macro   0x00016c54      0x217 ./system/src/diag/trace-impl.o
 .debug_macro   0x00016e6b      0x1b5 ./system/src/diag/trace-impl.o
 .debug_macro   0x00017020      0x2db ./system/src/diag/trace-impl.o
 .debug_macro   0x000172fb       0x8d ./system/src/diag/trace-impl.o
 .debug_macro   0x00017388      0x21e ./system/src/diag/trace-impl.o
 .debug_macro   0x000175a6       0xba ./system/src/diag/trace-impl.o
 .debug_macro   0x00017660       0x6e ./system/src/diag/trace-impl.o
 .debug_macro   0x000176ce      0x1e9 ./system/src/diag/trace-impl.o
 .debug_macro   0x000178b7      0x126 ./system/src/diag/trace-impl.o
 .debug_macro   0x000179dd       0x10 ./system/src/diag/trace-impl.o
 .debug_macro   0x000179ed      0x307 ./system/src/diag/trace-impl.o
 .debug_macro   0x00017cf4       0x22 ./system/src/diag/trace-impl.o
 .debug_macro   0x00017d16      0x1d9 ./system/src/diag/trace.o
 .debug_macro   0x00017eef       0x16 ./system/src/diag/trace.o
 .debug_macro   0x00017f05       0x97 ./system/src/diag/trace.o
 .debug_macro   0x00017f9c       0xfd ./system/src/diag/trace.o
 .debug_macro   0x00018099       0x10 ./system/src/diag/trace.o
 .debug_macro   0x000180a9       0x16 ./system/src/diag/trace.o
 .debug_macro   0x000180bf      0x18b ./system/src/diag/trace.o
 .debug_macro   0x0001824a       0x4c ./system/src/diag/trace.o
 .debug_macro   0x00018296       0x16 ./system/src/diag/trace.o
 .debug_macro   0x000182ac      0x528 ./system/src/cortexm/exception-handlers.o
 .debug_macro   0x000187d4       0x10 ./system/src/cortexm/exception-handlers.o
 .debug_macro   0x000187e4      0x390 ./system/src/cortexm/initialize-hardware.o
 .debug_macro   0x00018b74      0x38c ./system/src/cmsis/system_stm32f4xx.o
 .debug_macro   0x00018f00       0x34 ./system/src/cmsis/vectors_stm32f401xc.o
 .debug_macro   0x00018f34       0x40 ./src/4-Service/CLOCK_CONFIG.o
 .debug_macro   0x00018f74       0x10 ./src/4-Service/CLOCK_CONFIG.o
 .debug_macro   0x00018f84       0x3a ./src/4-Service/SCHED.o
 .debug_macro   0x00018fbe       0x28 ./src/4-Service/SCHED_Config.o
 .debug_macro   0x00018fe6       0x62 ./src/03-APP/StateMachine.o
 .debug_macro   0x00019048       0x23 ./src/03-APP/testLCD.o
 .debug_macro   0x0001906b       0x10 ./src/03-APP/testLCD.o
 .debug_macro   0x0001907b       0x36 ./src/02-HAL/LED/LED.o
 .debug_macro   0x000190b1       0x25 ./src/02-HAL/LED/LED_Config.o
 .debug_macro   0x000190d6       0xa6 ./src/02-HAL/LCD/LCD.o
 .debug_macro   0x0001917c       0x40 ./src/02-HAL/LCD/LCD.o
 .debug_macro   0x000191bc       0x6e ./src/02-HAL/LCD/LCD_Config.o
 .debug_macro   0x0001922a       0x4c ./src/01-MCAL/SYSTICK/SYSTICK.o
 .debug_macro   0x00019276       0x10 ./src/01-MCAL/SYSTICK/SYSTICK.o
 .debug_macro   0x00019286       0x58 ./src/01-MCAL/RCC/RCC.o
 .debug_macro   0x000192de       0x66 ./src/01-MCAL/GPIO/GPIO.o
 .debug_macro   0x00019344      0x20d ./src/main.o
