16:30:46 **** Incremental Build of configuration Debug for project BLACKPILL ****
make all 
'Building file: ../src/02-HAL/SWITCH/SWITCH.c'
'Invoking: GNU Arm Cross C Compiler'
arm-none-eabi-gcc -mcpu=cortex-m4 -mthumb -mfloat-abi=soft -Og -fmessage-length=0 -fsigned-char -ffunction-sections -fdata-sections -ffreestanding -fno-move-loop-invariants -Wall -Wextra -g3 -DDEBUG -DUSE_FULL_ASSERT -DTRACE -DOS_USE_TRACE_SEMIHOSTING_DEBUG -DSTM32F401xC -DUSE_HAL_DRIVER -DHSE_VALUE=25000000 -I"../include" -I"../system/include" -I"../system/include/cmsis" -I"../system/include/stm32f4-hal" -std=gnu11 -MMD -MP -MF"src/02-HAL/SWITCH/SWITCH.d" -MT"src/02-HAL/SWITCH/SWITCH.o" -c -o "src/02-HAL/SWITCH/SWITCH.o" "../src/02-HAL/SWITCH/SWITCH.c"
'Finished building: ../src/02-HAL/SWITCH/SWITCH.c'
' '
'Building file: ../src/02-HAL/SWITCH/SWITCH_Config.c'
'Invoking: GNU Arm Cross C Compiler'
arm-none-eabi-gcc -mcpu=cortex-m4 -mthumb -mfloat-abi=soft -Og -fmessage-length=0 -fsigned-char -ffunction-sections -fdata-sections -ffreestanding -fno-move-loop-invariants -Wall -Wextra -g3 -DDEBUG -DUSE_FULL_ASSERT -DTRACE -DOS_USE_TRACE_SEMIHOSTING_DEBUG -DSTM32F401xC -DUSE_HAL_DRIVER -DHSE_VALUE=25000000 -I"../include" -I"../system/include" -I"../system/include/cmsis" -I"../system/include/stm32f4-hal" -std=gnu11 -MMD -MP -MF"src/02-HAL/SWITCH/SWITCH_Config.d" -MT"src/02-HAL/SWITCH/SWITCH_Config.o" -c -o "src/02-HAL/SWITCH/SWITCH_Config.o" "../src/02-HAL/SWITCH/SWITCH_Config.c"
'Finished building: ../src/02-HAL/SWITCH/SWITCH_Config.c'
' '
'Building file: ../src/02-HAL/LED/LED.c'
'Invoking: GNU Arm Cross C Compiler'
arm-none-eabi-gcc -mcpu=cortex-m4 -mthumb -mfloat-abi=soft -Og -fmessage-length=0 -fsigned-char -ffunction-sections -fdata-sections -ffreestanding -fno-move-loop-invariants -Wall -Wextra -g3 -DDEBUG -DUSE_FULL_ASSERT -DTRACE -DOS_USE_TRACE_SEMIHOSTING_DEBUG -DSTM32F401xC -DUSE_HAL_DRIVER -DHSE_VALUE=25000000 -I"../include" -I"../system/include" -I"../system/include/cmsis" -I"../system/include/stm32f4-hal" -std=gnu11 -MMD -MP -MF"src/02-HAL/LED/LED.d" -MT"src/02-HAL/LED/LED.o" -c -o "src/02-HAL/LED/LED.o" "../src/02-HAL/LED/LED.c"
'Finished building: ../src/02-HAL/LED/LED.c'
' '
'Building file: ../src/02-HAL/LED/LED_Config.c'
'Invoking: GNU Arm Cross C Compiler'
arm-none-eabi-gcc -mcpu=cortex-m4 -mthumb -mfloat-abi=soft -Og -fmessage-length=0 -fsigned-char -ffunction-sections -fdata-sections -ffreestanding -fno-move-loop-invariants -Wall -Wextra -g3 -DDEBUG -DUSE_FULL_ASSERT -DTRACE -DOS_USE_TRACE_SEMIHOSTING_DEBUG -DSTM32F401xC -DUSE_HAL_DRIVER -DHSE_VALUE=25000000 -I"../include" -I"../system/include" -I"../system/include/cmsis" -I"../system/include/stm32f4-hal" -std=gnu11 -MMD -MP -MF"src/02-HAL/LED/LED_Config.d" -MT"src/02-HAL/LED/LED_Config.o" -c -o "src/02-HAL/LED/LED_Config.o" "../src/02-HAL/LED/LED_Config.c"
'Finished building: ../src/02-HAL/LED/LED_Config.c'
' '
'Building file: ../src/main.c'
'Invoking: GNU Arm Cross C Compiler'
arm-none-eabi-gcc -mcpu=cortex-m4 -mthumb -mfloat-abi=soft -Og -fmessage-length=0 -fsigned-char -ffunction-sections -fdata-sections -ffreestanding -fno-move-loop-invariants -Wall -Wextra -g3 -DDEBUG -DUSE_FULL_ASSERT -DTRACE -DOS_USE_TRACE_SEMIHOSTING_DEBUG -DSTM32F401xC -DUSE_HAL_DRIVER -DHSE_VALUE=25000000 -I"../include" -I"../system/include" -I"../system/include/cmsis" -I"../system/include/stm32f4-hal" -std=gnu11 -MMD -MP -MF"src/main.d" -MT"src/main.o" -c -o "src/main.o" "../src/main.c"
'Finished building: ../src/main.c'
' '
'Building target: BLACKPILL.elf'
'Invoking: GNU Arm Cross C++ Linker'
arm-none-eabi-g++ -mcpu=cortex-m4 -mthumb -mfloat-abi=soft -Og -fmessage-length=0 -fsigned-char -ffunction-sections -fdata-sections -ffreestanding -fno-move-loop-invariants -Wall -Wextra -g3 -T mem.ld -T libs.ld -T sections.ld -nostartfiles -Xlinker --gc-sections -L"../ldscripts" -Wl,-Map,"BLACKPILL.map" --specs=nano.specs -o "BLACKPILL.elf" ./system/src/newlib/assert.o ./system/src/newlib/cxx.o ./system/src/newlib/exit.o ./system/src/newlib/sbrk.o ./system/src/newlib/startup.o ./system/src/newlib/syscalls.o  ./system/src/diag/trace-impl.o ./system/src/diag/trace.o  ./system/src/cortexm/exception-handlers.o ./system/src/cortexm/initialize-hardware.o ./system/src/cortexm/reset-hardware.o  ./system/src/cmsis/system_stm32f4xx.o ./system/src/cmsis/vectors_stm32f401xc.o  ./src/02-HAL/SWITCH/SWITCH.o ./src/02-HAL/SWITCH/SWITCH_Config.o  ./src/02-HAL/LED/LED.o ./src/02-HAL/LED/LED_Config.o  ./src/01-MCAL/RCC/RCC.o  ./src/01-MCAL/GPIO/GPIO.o  ./src/main.o   
'Finished building target: BLACKPILL.elf'
' '
'Invoking: GNU Arm Cross Create Flash Image'
arm-none-eabi-objcopy -O ihex "BLACKPILL.elf"  "BLACKPILL.hex"
'Finished building: BLACKPILL.hex'
' '
'Invoking: GNU Arm Cross Print Size'
arm-none-eabi-size --format=berkeley "BLACKPILL.elf"
   text	   data	    bss	    dec	    hex	filename
   4923	    160	    412	   5495	   1577	BLACKPILL.elf
'Finished building: BLACKPILL.siz'
' '
16:31:55 **** Incremental Build of configuration Debug for project BLACKPILL ****
make all 
'Invoking: GNU Arm Cross Print Size'
arm-none-eabi-size --format=berkeley "BLACKPILL.elf"
   text	   data	    bss	    dec	    hex	filename
   4923	    160	    412	   5495	   1577	BLACKPILL.elf
'Finished building: BLACKPILL.siz'
' '
16:33:40 **** Incremental Build of configuration Debug for project BLACKPILL ****
make all 
'Building file: ../src/main.c'
'Invoking: GNU Arm Cross C Compiler'
arm-none-eabi-gcc -mcpu=cortex-m4 -mthumb -mfloat-abi=soft -Og -fmessage-length=0 -fsigned-char -ffunction-sections -fdata-sections -ffreestanding -fno-move-loop-invariants -Wall -Wextra -g3 -DDEBUG -DUSE_FULL_ASSERT -DTRACE -DOS_USE_TRACE_SEMIHOSTING_DEBUG -DSTM32F401xC -DUSE_HAL_DRIVER -DHSE_VALUE=25000000 -I"../include" -I"../system/include" -I"../system/include/cmsis" -I"../system/include/stm32f4-hal" -std=gnu11 -MMD -MP -MF"src/main.d" -MT"src/main.o" -c -o "src/main.o" "../src/main.c"
'Finished building: ../src/main.c'
' '
'Building target: BLACKPILL.elf'
'Invoking: GNU Arm Cross C++ Linker'
arm-none-eabi-g++ -mcpu=cortex-m4 -mthumb -mfloat-abi=soft -Og -fmessage-length=0 -fsigned-char -ffunction-sections -fdata-sections -ffreestanding -fno-move-loop-invariants -Wall -Wextra -g3 -T mem.ld -T libs.ld -T sections.ld -nostartfiles -Xlinker --gc-sections -L"../ldscripts" -Wl,-Map,"BLACKPILL.map" --specs=nano.specs -o "BLACKPILL.elf" ./system/src/newlib/assert.o ./system/src/newlib/cxx.o ./system/src/newlib/exit.o ./system/src/newlib/sbrk.o ./system/src/newlib/startup.o ./system/src/newlib/syscalls.o  ./system/src/diag/trace-impl.o ./system/src/diag/trace.o  ./system/src/cortexm/exception-handlers.o ./system/src/cortexm/initialize-hardware.o ./system/src/cortexm/reset-hardware.o  ./system/src/cmsis/system_stm32f4xx.o ./system/src/cmsis/vectors_stm32f401xc.o  ./src/02-HAL/SWITCH/SWITCH.o ./src/02-HAL/SWITCH/SWITCH_Config.o  ./src/02-HAL/LED/LED.o ./src/02-HAL/LED/LED_Config.o  ./src/01-MCAL/RCC/RCC.o  ./src/01-MCAL/GPIO/GPIO.o  ./src/main.o   
'Finished building target: BLACKPILL.elf'
' '
'Invoking: GNU Arm Cross Create Flash Image'
arm-none-eabi-objcopy -O ihex "BLACKPILL.elf"  "BLACKPILL.hex"
'Finished building: BLACKPILL.hex'
' '
'Invoking: GNU Arm Cross Print Size'
arm-none-eabi-size --format=berkeley "BLACKPILL.elf"
   text	   data	    bss	    dec	    hex	filename
   4939	    160	    412	   5511	   1587	BLACKPILL.elf
'Finished building: BLACKPILL.siz'
' '
16:33:48 **** Incremental Build of configuration Debug for project BLACKPILL ****
make all 
'Invoking: GNU Arm Cross Print Size'
arm-none-eabi-size --format=berkeley "BLACKPILL.elf"
   text	   data	    bss	    dec	    hex	filename
   4939	    160	    412	   5511	   1587	BLACKPILL.elf
'Finished building: BLACKPILL.siz'
' '
16:37:34 **** Incremental Build of configuration Debug for project BLACKPILL ****
make all 
'Building file: ../src/02-HAL/LED/LED_Config.c'
'Invoking: GNU Arm Cross C Compiler'
arm-none-eabi-gcc -mcpu=cortex-m4 -mthumb -mfloat-abi=soft -Og -fmessage-length=0 -fsigned-char -ffunction-sections -fdata-sections -ffreestanding -fno-move-loop-invariants -Wall -Wextra -g3 -DDEBUG -DUSE_FULL_ASSERT -DTRACE -DOS_USE_TRACE_SEMIHOSTING_DEBUG -DSTM32F401xC -DUSE_HAL_DRIVER -DHSE_VALUE=25000000 -I"../include" -I"../system/include" -I"../system/include/cmsis" -I"../system/include/stm32f4-hal" -std=gnu11 -MMD -MP -MF"src/02-HAL/LED/LED_Config.d" -MT"src/02-HAL/LED/LED_Config.o" -c -o "src/02-HAL/LED/LED_Config.o" "../src/02-HAL/LED/LED_Config.c"
'Finished building: ../src/02-HAL/LED/LED_Config.c'
' '
'Building target: BLACKPILL.elf'
'Invoking: GNU Arm Cross C++ Linker'
arm-none-eabi-g++ -mcpu=cortex-m4 -mthumb -mfloat-abi=soft -Og -fmessage-length=0 -fsigned-char -ffunction-sections -fdata-sections -ffreestanding -fno-move-loop-invariants -Wall -Wextra -g3 -T mem.ld -T libs.ld -T sections.ld -nostartfiles -Xlinker --gc-sections -L"../ldscripts" -Wl,-Map,"BLACKPILL.map" --specs=nano.specs -o "BLACKPILL.elf" ./system/src/newlib/assert.o ./system/src/newlib/cxx.o ./system/src/newlib/exit.o ./system/src/newlib/sbrk.o ./system/src/newlib/startup.o ./system/src/newlib/syscalls.o  ./system/src/diag/trace-impl.o ./system/src/diag/trace.o  ./system/src/cortexm/exception-handlers.o ./system/src/cortexm/initialize-hardware.o ./system/src/cortexm/reset-hardware.o  ./system/src/cmsis/system_stm32f4xx.o ./system/src/cmsis/vectors_stm32f401xc.o  ./src/02-HAL/SWITCH/SWITCH.o ./src/02-HAL/SWITCH/SWITCH_Config.o  ./src/02-HAL/LED/LED.o ./src/02-HAL/LED/LED_Config.o  ./src/01-MCAL/RCC/RCC.o  ./src/01-MCAL/GPIO/GPIO.o  ./src/main.o   
'Finished building target: BLACKPILL.elf'
' '
'Invoking: GNU Arm Cross Create Flash Image'
arm-none-eabi-objcopy -O ihex "BLACKPILL.elf"  "BLACKPILL.hex"
'Finished building: BLACKPILL.hex'
' '
'Invoking: GNU Arm Cross Print Size'
arm-none-eabi-size --format=berkeley "BLACKPILL.elf"
   text	   data	    bss	    dec	    hex	filename
   4939	    160	    412	   5511	   1587	BLACKPILL.elf
'Finished building: BLACKPILL.siz'
' '
16:37:40 **** Incremental Build of configuration Debug for project BLACKPILL ****
make all 
'Invoking: GNU Arm Cross Print Size'
arm-none-eabi-size --format=berkeley "BLACKPILL.elf"
   text	   data	    bss	    dec	    hex	filename
   4939	    160	    412	   5511	   1587	BLACKPILL.elf
'Finished building: BLACKPILL.siz'
' '
16:40:01 **** Incremental Build of configuration Debug for project BLACKPILL ****
make all 
'Building file: ../src/02-HAL/LED/LED.c'
'Invoking: GNU Arm Cross C Compiler'
arm-none-eabi-gcc -mcpu=cortex-m4 -mthumb -mfloat-abi=soft -Og -fmessage-length=0 -fsigned-char -ffunction-sections -fdata-sections -ffreestanding -fno-move-loop-invariants -Wall -Wextra -g3 -DDEBUG -DUSE_FULL_ASSERT -DTRACE -DOS_USE_TRACE_SEMIHOSTING_DEBUG -DSTM32F401xC -DUSE_HAL_DRIVER -DHSE_VALUE=25000000 -I"../include" -I"../system/include" -I"../system/include/cmsis" -I"../system/include/stm32f4-hal" -std=gnu11 -MMD -MP -MF"src/02-HAL/LED/LED.d" -MT"src/02-HAL/LED/LED.o" -c -o "src/02-HAL/LED/LED.o" "../src/02-HAL/LED/LED.c"
'Finished building: ../src/02-HAL/LED/LED.c'
' '
'Building file: ../src/02-HAL/LED/LED_Config.c'
'Invoking: GNU Arm Cross C Compiler'
arm-none-eabi-gcc -mcpu=cortex-m4 -mthumb -mfloat-abi=soft -Og -fmessage-length=0 -fsigned-char -ffunction-sections -fdata-sections -ffreestanding -fno-move-loop-invariants -Wall -Wextra -g3 -DDEBUG -DUSE_FULL_ASSERT -DTRACE -DOS_USE_TRACE_SEMIHOSTING_DEBUG -DSTM32F401xC -DUSE_HAL_DRIVER -DHSE_VALUE=25000000 -I"../include" -I"../system/include" -I"../system/include/cmsis" -I"../system/include/stm32f4-hal" -std=gnu11 -MMD -MP -MF"src/02-HAL/LED/LED_Config.d" -MT"src/02-HAL/LED/LED_Config.o" -c -o "src/02-HAL/LED/LED_Config.o" "../src/02-HAL/LED/LED_Config.c"
'Finished building: ../src/02-HAL/LED/LED_Config.c'
' '
'Building file: ../src/main.c'
'Invoking: GNU Arm Cross C Compiler'
arm-none-eabi-gcc -mcpu=cortex-m4 -mthumb -mfloat-abi=soft -Og -fmessage-length=0 -fsigned-char -ffunction-sections -fdata-sections -ffreestanding -fno-move-loop-invariants -Wall -Wextra -g3 -DDEBUG -DUSE_FULL_ASSERT -DTRACE -DOS_USE_TRACE_SEMIHOSTING_DEBUG -DSTM32F401xC -DUSE_HAL_DRIVER -DHSE_VALUE=25000000 -I"../include" -I"../system/include" -I"../system/include/cmsis" -I"../system/include/stm32f4-hal" -std=gnu11 -MMD -MP -MF"src/main.d" -MT"src/main.o" -c -o "src/main.o" "../src/main.c"
'Finished building: ../src/main.c'
' '
'Building target: BLACKPILL.elf'
'Invoking: GNU Arm Cross C++ Linker'
arm-none-eabi-g++ -mcpu=cortex-m4 -mthumb -mfloat-abi=soft -Og -fmessage-length=0 -fsigned-char -ffunction-sections -fdata-sections -ffreestanding -fno-move-loop-invariants -Wall -Wextra -g3 -T mem.ld -T libs.ld -T sections.ld -nostartfiles -Xlinker --gc-sections -L"../ldscripts" -Wl,-Map,"BLACKPILL.map" --specs=nano.specs -o "BLACKPILL.elf" ./system/src/newlib/assert.o ./system/src/newlib/cxx.o ./system/src/newlib/exit.o ./system/src/newlib/sbrk.o ./system/src/newlib/startup.o ./system/src/newlib/syscalls.o  ./system/src/diag/trace-impl.o ./system/src/diag/trace.o  ./system/src/cortexm/exception-handlers.o ./system/src/cortexm/initialize-hardware.o ./system/src/cortexm/reset-hardware.o  ./system/src/cmsis/system_stm32f4xx.o ./system/src/cmsis/vectors_stm32f401xc.o  ./src/02-HAL/SWITCH/SWITCH.o ./src/02-HAL/SWITCH/SWITCH_Config.o  ./src/02-HAL/LED/LED.o ./src/02-HAL/LED/LED_Config.o  ./src/01-MCAL/RCC/RCC.o  ./src/01-MCAL/GPIO/GPIO.o  ./src/main.o   
'Finished building target: BLACKPILL.elf'
' '
'Invoking: GNU Arm Cross Create Flash Image'
arm-none-eabi-objcopy -O ihex "BLACKPILL.elf"  "BLACKPILL.hex"
'Finished building: BLACKPILL.hex'
' '
'Invoking: GNU Arm Cross Print Size'
arm-none-eabi-size --format=berkeley "BLACKPILL.elf"
   text	   data	    bss	    dec	    hex	filename
   4943	    160	    412	   5515	   158b	BLACKPILL.elf
'Finished building: BLACKPILL.siz'
' '
16:40:09 **** Incremental Build of configuration Debug for project BLACKPILL ****
make all 
'Invoking: GNU Arm Cross Print Size'
arm-none-eabi-size --format=berkeley "BLACKPILL.elf"
   text	   data	    bss	    dec	    hex	filename
   4943	    160	    412	   5515	   158b	BLACKPILL.elf
'Finished building: BLACKPILL.siz'
' '
16:42:25 **** Incremental Build of configuration Debug for project BLACKPILL ****
make all 
'Building file: ../src/02-HAL/LED/LED.c'
'Invoking: GNU Arm Cross C Compiler'
arm-none-eabi-gcc -mcpu=cortex-m4 -mthumb -mfloat-abi=soft -Og -fmessage-length=0 -fsigned-char -ffunction-sections -fdata-sections -ffreestanding -fno-move-loop-invariants -Wall -Wextra -g3 -DDEBUG -DUSE_FULL_ASSERT -DTRACE -DOS_USE_TRACE_SEMIHOSTING_DEBUG -DSTM32F401xC -DUSE_HAL_DRIVER -DHSE_VALUE=25000000 -I"../include" -I"../system/include" -I"../system/include/cmsis" -I"../system/include/stm32f4-hal" -std=gnu11 -MMD -MP -MF"src/02-HAL/LED/LED.d" -MT"src/02-HAL/LED/LED.o" -c -o "src/02-HAL/LED/LED.o" "../src/02-HAL/LED/LED.c"
'Finished building: ../src/02-HAL/LED/LED.c'
' '
'Building file: ../src/main.c'
'Invoking: GNU Arm Cross C Compiler'
arm-none-eabi-gcc -mcpu=cortex-m4 -mthumb -mfloat-abi=soft -Og -fmessage-length=0 -fsigned-char -ffunction-sections -fdata-sections -ffreestanding -fno-move-loop-invariants -Wall -Wextra -g3 -DDEBUG -DUSE_FULL_ASSERT -DTRACE -DOS_USE_TRACE_SEMIHOSTING_DEBUG -DSTM32F401xC -DUSE_HAL_DRIVER -DHSE_VALUE=25000000 -I"../include" -I"../system/include" -I"../system/include/cmsis" -I"../system/include/stm32f4-hal" -std=gnu11 -MMD -MP -MF"src/main.d" -MT"src/main.o" -c -o "src/main.o" "../src/main.c"
'Finished building: ../src/main.c'
' '
'Building target: BLACKPILL.elf'
'Invoking: GNU Arm Cross C++ Linker'
arm-none-eabi-g++ -mcpu=cortex-m4 -mthumb -mfloat-abi=soft -Og -fmessage-length=0 -fsigned-char -ffunction-sections -fdata-sections -ffreestanding -fno-move-loop-invariants -Wall -Wextra -g3 -T mem.ld -T libs.ld -T sections.ld -nostartfiles -Xlinker --gc-sections -L"../ldscripts" -Wl,-Map,"BLACKPILL.map" --specs=nano.specs -o "BLACKPILL.elf" ./system/src/newlib/assert.o ./system/src/newlib/cxx.o ./system/src/newlib/exit.o ./system/src/newlib/sbrk.o ./system/src/newlib/startup.o ./system/src/newlib/syscalls.o  ./system/src/diag/trace-impl.o ./system/src/diag/trace.o  ./system/src/cortexm/exception-handlers.o ./system/src/cortexm/initialize-hardware.o ./system/src/cortexm/reset-hardware.o  ./system/src/cmsis/system_stm32f4xx.o ./system/src/cmsis/vectors_stm32f401xc.o  ./src/02-HAL/SWITCH/SWITCH.o ./src/02-HAL/SWITCH/SWITCH_Config.o  ./src/02-HAL/LED/LED.o ./src/02-HAL/LED/LED_Config.o  ./src/01-MCAL/RCC/RCC.o  ./src/01-MCAL/GPIO/GPIO.o  ./src/main.o   
'Finished building target: BLACKPILL.elf'
' '
'Invoking: GNU Arm Cross Create Flash Image'
arm-none-eabi-objcopy -O ihex "BLACKPILL.elf"  "BLACKPILL.hex"
'Finished building: BLACKPILL.hex'
' '
'Invoking: GNU Arm Cross Print Size'
arm-none-eabi-size --format=berkeley "BLACKPILL.elf"
   text	   data	    bss	    dec	    hex	filename
   4975	    160	    412	   5547	   15ab	BLACKPILL.elf
'Finished building: BLACKPILL.siz'
' '
16:42:32 **** Incremental Build of configuration Debug for project BLACKPILL ****
make all 
'Invoking: GNU Arm Cross Print Size'
arm-none-eabi-size --format=berkeley "BLACKPILL.elf"
   text	   data	    bss	    dec	    hex	filename
   4975	    160	    412	   5547	   15ab	BLACKPILL.elf
'Finished building: BLACKPILL.siz'
' '
16:45:18 **** Incremental Build of configuration Debug for project BLACKPILL ****
make all 
'Building file: ../src/02-HAL/LED/LED.c'
'Invoking: GNU Arm Cross C Compiler'
arm-none-eabi-gcc -mcpu=cortex-m4 -mthumb -mfloat-abi=soft -Og -fmessage-length=0 -fsigned-char -ffunction-sections -fdata-sections -ffreestanding -fno-move-loop-invariants -Wall -Wextra -g3 -DDEBUG -DUSE_FULL_ASSERT -DTRACE -DOS_USE_TRACE_SEMIHOSTING_DEBUG -DSTM32F401xC -DUSE_HAL_DRIVER -DHSE_VALUE=25000000 -I"../include" -I"../system/include" -I"../system/include/cmsis" -I"../system/include/stm32f4-hal" -std=gnu11 -MMD -MP -MF"src/02-HAL/LED/LED.d" -MT"src/02-HAL/LED/LED.o" -c -o "src/02-HAL/LED/LED.o" "../src/02-HAL/LED/LED.c"
'Finished building: ../src/02-HAL/LED/LED.c'
' '
'Building file: ../src/02-HAL/LED/LED_Config.c'
'Invoking: GNU Arm Cross C Compiler'
arm-none-eabi-gcc -mcpu=cortex-m4 -mthumb -mfloat-abi=soft -Og -fmessage-length=0 -fsigned-char -ffunction-sections -fdata-sections -ffreestanding -fno-move-loop-invariants -Wall -Wextra -g3 -DDEBUG -DUSE_FULL_ASSERT -DTRACE -DOS_USE_TRACE_SEMIHOSTING_DEBUG -DSTM32F401xC -DUSE_HAL_DRIVER -DHSE_VALUE=25000000 -I"../include" -I"../system/include" -I"../system/include/cmsis" -I"../system/include/stm32f4-hal" -std=gnu11 -MMD -MP -MF"src/02-HAL/LED/LED_Config.d" -MT"src/02-HAL/LED/LED_Config.o" -c -o "src/02-HAL/LED/LED_Config.o" "../src/02-HAL/LED/LED_Config.c"
'Finished building: ../src/02-HAL/LED/LED_Config.c'
' '
'Building target: BLACKPILL.elf'
'Invoking: GNU Arm Cross C++ Linker'
arm-none-eabi-g++ -mcpu=cortex-m4 -mthumb -mfloat-abi=soft -Og -fmessage-length=0 -fsigned-char -ffunction-sections -fdata-sections -ffreestanding -fno-move-loop-invariants -Wall -Wextra -g3 -T mem.ld -T libs.ld -T sections.ld -nostartfiles -Xlinker --gc-sections -L"../ldscripts" -Wl,-Map,"BLACKPILL.map" --specs=nano.specs -o "BLACKPILL.elf" ./system/src/newlib/assert.o ./system/src/newlib/cxx.o ./system/src/newlib/exit.o ./system/src/newlib/sbrk.o ./system/src/newlib/startup.o ./system/src/newlib/syscalls.o  ./system/src/diag/trace-impl.o ./system/src/diag/trace.o  ./system/src/cortexm/exception-handlers.o ./system/src/cortexm/initialize-hardware.o ./system/src/cortexm/reset-hardware.o  ./system/src/cmsis/system_stm32f4xx.o ./system/src/cmsis/vectors_stm32f401xc.o  ./src/02-HAL/SWITCH/SWITCH.o ./src/02-HAL/SWITCH/SWITCH_Config.o  ./src/02-HAL/LED/LED.o ./src/02-HAL/LED/LED_Config.o  ./src/01-MCAL/RCC/RCC.o  ./src/01-MCAL/GPIO/GPIO.o  ./src/main.o   
'Finished building target: BLACKPILL.elf'
' '
'Invoking: GNU Arm Cross Create Flash Image'
arm-none-eabi-objcopy -O ihex "BLACKPILL.elf"  "BLACKPILL.hex"
'Finished building: BLACKPILL.hex'
' '
'Invoking: GNU Arm Cross Print Size'
arm-none-eabi-size --format=berkeley "BLACKPILL.elf"
   text	   data	    bss	    dec	    hex	filename
   4975	    160	    412	   5547	   15ab	BLACKPILL.elf
'Finished building: BLACKPILL.siz'
' '
16:45:25 **** Incremental Build of configuration Debug for project BLACKPILL ****
make all 
'Invoking: GNU Arm Cross Print Size'
arm-none-eabi-size --format=berkeley "BLACKPILL.elf"
   text	   data	    bss	    dec	    hex	filename
   4975	    160	    412	   5547	   15ab	BLACKPILL.elf
'Finished building: BLACKPILL.siz'
' '
16:46:58 **** Incremental Build of configuration Debug for project BLACKPILL ****
make all 
'Building file: ../src/02-HAL/LED/LED.c'
'Invoking: GNU Arm Cross C Compiler'
arm-none-eabi-gcc -mcpu=cortex-m4 -mthumb -mfloat-abi=soft -Og -fmessage-length=0 -fsigned-char -ffunction-sections -fdata-sections -ffreestanding -fno-move-loop-invariants -Wall -Wextra -g3 -DDEBUG -DUSE_FULL_ASSERT -DTRACE -DOS_USE_TRACE_SEMIHOSTING_DEBUG -DSTM32F401xC -DUSE_HAL_DRIVER -DHSE_VALUE=25000000 -I"../include" -I"../system/include" -I"../system/include/cmsis" -I"../system/include/stm32f4-hal" -std=gnu11 -MMD -MP -MF"src/02-HAL/LED/LED.d" -MT"src/02-HAL/LED/LED.o" -c -o "src/02-HAL/LED/LED.o" "../src/02-HAL/LED/LED.c"
'Finished building: ../src/02-HAL/LED/LED.c'
' '
'Building target: BLACKPILL.elf'
'Invoking: GNU Arm Cross C++ Linker'
arm-none-eabi-g++ -mcpu=cortex-m4 -mthumb -mfloat-abi=soft -Og -fmessage-length=0 -fsigned-char -ffunction-sections -fdata-sections -ffreestanding -fno-move-loop-invariants -Wall -Wextra -g3 -T mem.ld -T libs.ld -T sections.ld -nostartfiles -Xlinker --gc-sections -L"../ldscripts" -Wl,-Map,"BLACKPILL.map" --specs=nano.specs -o "BLACKPILL.elf" ./system/src/newlib/assert.o ./system/src/newlib/cxx.o ./system/src/newlib/exit.o ./system/src/newlib/sbrk.o ./system/src/newlib/startup.o ./system/src/newlib/syscalls.o  ./system/src/diag/trace-impl.o ./system/src/diag/trace.o  ./system/src/cortexm/exception-handlers.o ./system/src/cortexm/initialize-hardware.o ./system/src/cortexm/reset-hardware.o  ./system/src/cmsis/system_stm32f4xx.o ./system/src/cmsis/vectors_stm32f401xc.o  ./src/02-HAL/SWITCH/SWITCH.o ./src/02-HAL/SWITCH/SWITCH_Config.o  ./src/02-HAL/LED/LED.o ./src/02-HAL/LED/LED_Config.o  ./src/01-MCAL/RCC/RCC.o  ./src/01-MCAL/GPIO/GPIO.o  ./src/main.o   
'Finished building target: BLACKPILL.elf'
' '
'Invoking: GNU Arm Cross Create Flash Image'
arm-none-eabi-objcopy -O ihex "BLACKPILL.elf"  "BLACKPILL.hex"
'Finished building: BLACKPILL.hex'
' '
'Invoking: GNU Arm Cross Print Size'
arm-none-eabi-size --format=berkeley "BLACKPILL.elf"
   text	   data	    bss	    dec	    hex	filename
   4975	    160	    412	   5547	   15ab	BLACKPILL.elf
'Finished building: BLACKPILL.siz'
' '
16:47:07 **** Incremental Build of configuration Debug for project BLACKPILL ****
make all 
'Invoking: GNU Arm Cross Print Size'
arm-none-eabi-size --format=berkeley "BLACKPILL.elf"
   text	   data	    bss	    dec	    hex	filename
   4975	    160	    412	   5547	   15ab	BLACKPILL.elf
'Finished building: BLACKPILL.siz'
' '
16:55:09 **** Incremental Build of configuration Debug for project BLACKPILL ****
make all 
'Building file: ../src/02-HAL/LED/LED.c'
'Invoking: GNU Arm Cross C Compiler'
arm-none-eabi-gcc -mcpu=cortex-m4 -mthumb -mfloat-abi=soft -Og -fmessage-length=0 -fsigned-char -ffunction-sections -fdata-sections -ffreestanding -fno-move-loop-invariants -Wall -Wextra -g3 -DDEBUG -DUSE_FULL_ASSERT -DTRACE -DOS_USE_TRACE_SEMIHOSTING_DEBUG -DSTM32F401xC -DUSE_HAL_DRIVER -DHSE_VALUE=25000000 -I"../include" -I"../system/include" -I"../system/include/cmsis" -I"../system/include/stm32f4-hal" -std=gnu11 -MMD -MP -MF"src/02-HAL/LED/LED.d" -MT"src/02-HAL/LED/LED.o" -c -o "src/02-HAL/LED/LED.o" "../src/02-HAL/LED/LED.c"
'Finished building: ../src/02-HAL/LED/LED.c'
' '
'Building file: ../src/02-HAL/LED/LED_Config.c'
'Invoking: GNU Arm Cross C Compiler'
arm-none-eabi-gcc -mcpu=cortex-m4 -mthumb -mfloat-abi=soft -Og -fmessage-length=0 -fsigned-char -ffunction-sections -fdata-sections -ffreestanding -fno-move-loop-invariants -Wall -Wextra -g3 -DDEBUG -DUSE_FULL_ASSERT -DTRACE -DOS_USE_TRACE_SEMIHOSTING_DEBUG -DSTM32F401xC -DUSE_HAL_DRIVER -DHSE_VALUE=25000000 -I"../include" -I"../system/include" -I"../system/include/cmsis" -I"../system/include/stm32f4-hal" -std=gnu11 -MMD -MP -MF"src/02-HAL/LED/LED_Config.d" -MT"src/02-HAL/LED/LED_Config.o" -c -o "src/02-HAL/LED/LED_Config.o" "../src/02-HAL/LED/LED_Config.c"
'Finished building: ../src/02-HAL/LED/LED_Config.c'
' '
'Building file: ../src/01-MCAL/GPIO/GPIO.c'
'Invoking: GNU Arm Cross C Compiler'
arm-none-eabi-gcc -mcpu=cortex-m4 -mthumb -mfloat-abi=soft -Og -fmessage-length=0 -fsigned-char -ffunction-sections -fdata-sections -ffreestanding -fno-move-loop-invariants -Wall -Wextra -g3 -DDEBUG -DUSE_FULL_ASSERT -DTRACE -DOS_USE_TRACE_SEMIHOSTING_DEBUG -DSTM32F401xC -DUSE_HAL_DRIVER -DHSE_VALUE=25000000 -I"../include" -I"../system/include" -I"../system/include/cmsis" -I"../system/include/stm32f4-hal" -std=gnu11 -MMD -MP -MF"src/01-MCAL/GPIO/GPIO.d" -MT"src/01-MCAL/GPIO/GPIO.o" -c -o "src/01-MCAL/GPIO/GPIO.o" "../src/01-MCAL/GPIO/GPIO.c"
'Finished building: ../src/01-MCAL/GPIO/GPIO.c'
' '
'Building file: ../src/main.c'
'Invoking: GNU Arm Cross C Compiler'
arm-none-eabi-gcc -mcpu=cortex-m4 -mthumb -mfloat-abi=soft -Og -fmessage-length=0 -fsigned-char -ffunction-sections -fdata-sections -ffreestanding -fno-move-loop-invariants -Wall -Wextra -g3 -DDEBUG -DUSE_FULL_ASSERT -DTRACE -DOS_USE_TRACE_SEMIHOSTING_DEBUG -DSTM32F401xC -DUSE_HAL_DRIVER -DHSE_VALUE=25000000 -I"../include" -I"../system/include" -I"../system/include/cmsis" -I"../system/include/stm32f4-hal" -std=gnu11 -MMD -MP -MF"src/main.d" -MT"src/main.o" -c -o "src/main.o" "../src/main.c"
'Finished building: ../src/main.c'
' '
'Building target: BLACKPILL.elf'
'Invoking: GNU Arm Cross C++ Linker'
arm-none-eabi-g++ -mcpu=cortex-m4 -mthumb -mfloat-abi=soft -Og -fmessage-length=0 -fsigned-char -ffunction-sections -fdata-sections -ffreestanding -fno-move-loop-invariants -Wall -Wextra -g3 -T mem.ld -T libs.ld -T sections.ld -nostartfiles -Xlinker --gc-sections -L"../ldscripts" -Wl,-Map,"BLACKPILL.map" --specs=nano.specs -o "BLACKPILL.elf" ./system/src/newlib/assert.o ./system/src/newlib/cxx.o ./system/src/newlib/exit.o ./system/src/newlib/sbrk.o ./system/src/newlib/startup.o ./system/src/newlib/syscalls.o  ./system/src/diag/trace-impl.o ./system/src/diag/trace.o  ./system/src/cortexm/exception-handlers.o ./system/src/cortexm/initialize-hardware.o ./system/src/cortexm/reset-hardware.o  ./system/src/cmsis/system_stm32f4xx.o ./system/src/cmsis/vectors_stm32f401xc.o  ./src/02-HAL/SWITCH/SWITCH.o ./src/02-HAL/SWITCH/SWITCH_Config.o  ./src/02-HAL/LED/LED.o ./src/02-HAL/LED/LED_Config.o  ./src/01-MCAL/RCC/RCC.o  ./src/01-MCAL/GPIO/GPIO.o  ./src/main.o   
'Finished building target: BLACKPILL.elf'
' '
'Invoking: GNU Arm Cross Create Flash Image'
arm-none-eabi-objcopy -O ihex "BLACKPILL.elf"  "BLACKPILL.hex"
'Finished building: BLACKPILL.hex'
' '
'Invoking: GNU Arm Cross Print Size'
arm-none-eabi-size --format=berkeley "BLACKPILL.elf"
   text	   data	    bss	    dec	    hex	filename
   4975	    160	    412	   5547	   15ab	BLACKPILL.elf
'Finished building: BLACKPILL.siz'
' '
16:55:14 **** Incremental Build of configuration Debug for project BLACKPILL ****
make all 
'Invoking: GNU Arm Cross Print Size'
arm-none-eabi-size --format=berkeley "BLACKPILL.elf"
   text	   data	    bss	    dec	    hex	filename
   4975	    160	    412	   5547	   15ab	BLACKPILL.elf
'Finished building: BLACKPILL.siz'
' '
17:08:54 **** Incremental Build of configuration Debug for project BLACKPILL ****
make all 
'Building file: ../src/02-HAL/LED/LED.c'
'Invoking: GNU Arm Cross C Compiler'
arm-none-eabi-gcc -mcpu=cortex-m4 -mthumb -mfloat-abi=soft -Og -fmessage-length=0 -fsigned-char -ffunction-sections -fdata-sections -ffreestanding -fno-move-loop-invariants -Wall -Wextra -g3 -DDEBUG -DUSE_FULL_ASSERT -DTRACE -DOS_USE_TRACE_SEMIHOSTING_DEBUG -DSTM32F401xC -DUSE_HAL_DRIVER -DHSE_VALUE=25000000 -I"../include" -I"../system/include" -I"../system/include/cmsis" -I"../system/include/stm32f4-hal" -std=gnu11 -MMD -MP -MF"src/02-HAL/LED/LED.d" -MT"src/02-HAL/LED/LED.o" -c -o "src/02-HAL/LED/LED.o" "../src/02-HAL/LED/LED.c"
'Finished building: ../src/02-HAL/LED/LED.c'
' '
'Building file: ../src/02-HAL/LED/LED_Config.c'
'Invoking: GNU Arm Cross C Compiler'
arm-none-eabi-gcc -mcpu=cortex-m4 -mthumb -mfloat-abi=soft -Og -fmessage-length=0 -fsigned-char -ffunction-sections -fdata-sections -ffreestanding -fno-move-loop-invariants -Wall -Wextra -g3 -DDEBUG -DUSE_FULL_ASSERT -DTRACE -DOS_USE_TRACE_SEMIHOSTING_DEBUG -DSTM32F401xC -DUSE_HAL_DRIVER -DHSE_VALUE=25000000 -I"../include" -I"../system/include" -I"../system/include/cmsis" -I"../system/include/stm32f4-hal" -std=gnu11 -MMD -MP -MF"src/02-HAL/LED/LED_Config.d" -MT"src/02-HAL/LED/LED_Config.o" -c -o "src/02-HAL/LED/LED_Config.o" "../src/02-HAL/LED/LED_Config.c"
'Finished building: ../src/02-HAL/LED/LED_Config.c'
' '
'Building file: ../src/main.c'
'Invoking: GNU Arm Cross C Compiler'
arm-none-eabi-gcc -mcpu=cortex-m4 -mthumb -mfloat-abi=soft -Og -fmessage-length=0 -fsigned-char -ffunction-sections -fdata-sections -ffreestanding -fno-move-loop-invariants -Wall -Wextra -g3 -DDEBUG -DUSE_FULL_ASSERT -DTRACE -DOS_USE_TRACE_SEMIHOSTING_DEBUG -DSTM32F401xC -DUSE_HAL_DRIVER -DHSE_VALUE=25000000 -I"../include" -I"../system/include" -I"../system/include/cmsis" -I"../system/include/stm32f4-hal" -std=gnu11 -MMD -MP -MF"src/main.d" -MT"src/main.o" -c -o "src/main.o" "../src/main.c"
'Finished building: ../src/main.c'
' '
'Building target: BLACKPILL.elf'
'Invoking: GNU Arm Cross C++ Linker'
arm-none-eabi-g++ -mcpu=cortex-m4 -mthumb -mfloat-abi=soft -Og -fmessage-length=0 -fsigned-char -ffunction-sections -fdata-sections -ffreestanding -fno-move-loop-invariants -Wall -Wextra -g3 -T mem.ld -T libs.ld -T sections.ld -nostartfiles -Xlinker --gc-sections -L"../ldscripts" -Wl,-Map,"BLACKPILL.map" --specs=nano.specs -o "BLACKPILL.elf" ./system/src/newlib/assert.o ./system/src/newlib/cxx.o ./system/src/newlib/exit.o ./system/src/newlib/sbrk.o ./system/src/newlib/startup.o ./system/src/newlib/syscalls.o  ./system/src/diag/trace-impl.o ./system/src/diag/trace.o  ./system/src/cortexm/exception-handlers.o ./system/src/cortexm/initialize-hardware.o ./system/src/cortexm/reset-hardware.o  ./system/src/cmsis/system_stm32f4xx.o ./system/src/cmsis/vectors_stm32f401xc.o  ./src/02-HAL/SWITCH/SWITCH.o ./src/02-HAL/SWITCH/SWITCH_Config.o  ./src/02-HAL/LED/LED.o ./src/02-HAL/LED/LED_Config.o  ./src/01-MCAL/RCC/RCC.o  ./src/01-MCAL/GPIO/GPIO.o  ./src/main.o   
'Finished building target: BLACKPILL.elf'
' '
'Invoking: GNU Arm Cross Create Flash Image'
arm-none-eabi-objcopy -O ihex "BLACKPILL.elf"  "BLACKPILL.hex"
'Finished building: BLACKPILL.hex'
' '
'Invoking: GNU Arm Cross Print Size'
arm-none-eabi-size --format=berkeley "BLACKPILL.elf"
   text	   data	    bss	    dec	    hex	filename
   4975	    160	    412	   5547	   15ab	BLACKPILL.elf
'Finished building: BLACKPILL.siz'
' '
17:09:49 **** Incremental Build of configuration Debug for project BLACKPILL ****
make all 
'Building file: ../src/02-HAL/LED/LED.c'
'Invoking: GNU Arm Cross C Compiler'
arm-none-eabi-gcc -mcpu=cortex-m4 -mthumb -mfloat-abi=soft -Og -fmessage-length=0 -fsigned-char -ffunction-sections -fdata-sections -ffreestanding -fno-move-loop-invariants -Wall -Wextra -g3 -DDEBUG -DUSE_FULL_ASSERT -DTRACE -DOS_USE_TRACE_SEMIHOSTING_DEBUG -DSTM32F401xC -DUSE_HAL_DRIVER -DHSE_VALUE=25000000 -I"../include" -I"../system/include" -I"../system/include/cmsis" -I"../system/include/stm32f4-hal" -std=gnu11 -MMD -MP -MF"src/02-HAL/LED/LED.d" -MT"src/02-HAL/LED/LED.o" -c -o "src/02-HAL/LED/LED.o" "../src/02-HAL/LED/LED.c"
'Finished building: ../src/02-HAL/LED/LED.c'
' '
'Building file: ../src/02-HAL/LED/LED_Config.c'
'Invoking: GNU Arm Cross C Compiler'
arm-none-eabi-gcc -mcpu=cortex-m4 -mthumb -mfloat-abi=soft -Og -fmessage-length=0 -fsigned-char -ffunction-sections -fdata-sections -ffreestanding -fno-move-loop-invariants -Wall -Wextra -g3 -DDEBUG -DUSE_FULL_ASSERT -DTRACE -DOS_USE_TRACE_SEMIHOSTING_DEBUG -DSTM32F401xC -DUSE_HAL_DRIVER -DHSE_VALUE=25000000 -I"../include" -I"../system/include" -I"../system/include/cmsis" -I"../system/include/stm32f4-hal" -std=gnu11 -MMD -MP -MF"src/02-HAL/LED/LED_Config.d" -MT"src/02-HAL/LED/LED_Config.o" -c -o "src/02-HAL/LED/LED_Config.o" "../src/02-HAL/LED/LED_Config.c"
'Finished building: ../src/02-HAL/LED/LED_Config.c'
' '
'Building file: ../src/main.c'
'Invoking: GNU Arm Cross C Compiler'
arm-none-eabi-gcc -mcpu=cortex-m4 -mthumb -mfloat-abi=soft -Og -fmessage-length=0 -fsigned-char -ffunction-sections -fdata-sections -ffreestanding -fno-move-loop-invariants -Wall -Wextra -g3 -DDEBUG -DUSE_FULL_ASSERT -DTRACE -DOS_USE_TRACE_SEMIHOSTING_DEBUG -DSTM32F401xC -DUSE_HAL_DRIVER -DHSE_VALUE=25000000 -I"../include" -I"../system/include" -I"../system/include/cmsis" -I"../system/include/stm32f4-hal" -std=gnu11 -MMD -MP -MF"src/main.d" -MT"src/main.o" -c -o "src/main.o" "../src/main.c"
'Finished building: ../src/main.c'
' '
'Building target: BLACKPILL.elf'
'Invoking: GNU Arm Cross C++ Linker'
arm-none-eabi-g++ -mcpu=cortex-m4 -mthumb -mfloat-abi=soft -Og -fmessage-length=0 -fsigned-char -ffunction-sections -fdata-sections -ffreestanding -fno-move-loop-invariants -Wall -Wextra -g3 -T mem.ld -T libs.ld -T sections.ld -nostartfiles -Xlinker --gc-sections -L"../ldscripts" -Wl,-Map,"BLACKPILL.map" --specs=nano.specs -o "BLACKPILL.elf" ./system/src/newlib/assert.o ./system/src/newlib/cxx.o ./system/src/newlib/exit.o ./system/src/newlib/sbrk.o ./system/src/newlib/startup.o ./system/src/newlib/syscalls.o  ./system/src/diag/trace-impl.o ./system/src/diag/trace.o  ./system/src/cortexm/exception-handlers.o ./system/src/cortexm/initialize-hardware.o ./system/src/cortexm/reset-hardware.o  ./system/src/cmsis/system_stm32f4xx.o ./system/src/cmsis/vectors_stm32f401xc.o  ./src/02-HAL/SWITCH/SWITCH.o ./src/02-HAL/SWITCH/SWITCH_Config.o  ./src/02-HAL/LED/LED.o ./src/02-HAL/LED/LED_Config.o  ./src/01-MCAL/RCC/RCC.o  ./src/01-MCAL/GPIO/GPIO.o  ./src/main.o   
'Finished building target: BLACKPILL.elf'
' '
'Invoking: GNU Arm Cross Create Flash Image'
arm-none-eabi-objcopy -O ihex "BLACKPILL.elf"  "BLACKPILL.hex"
'Finished building: BLACKPILL.hex'
' '
'Invoking: GNU Arm Cross Print Size'
arm-none-eabi-size --format=berkeley "BLACKPILL.elf"
   text	   data	    bss	    dec	    hex	filename
   5007	    160	    412	   5579	   15cb	BLACKPILL.elf
'Finished building: BLACKPILL.siz'
' '
17:10:00 **** Incremental Build of configuration Debug for project BLACKPILL ****
make all 
'Invoking: GNU Arm Cross Print Size'
arm-none-eabi-size --format=berkeley "BLACKPILL.elf"
   text	   data	    bss	    dec	    hex	filename
   5007	    160	    412	   5579	   15cb	BLACKPILL.elf
'Finished building: BLACKPILL.siz'
' '
17:46:05 **** Incremental Build of configuration Debug for project BLACKPILL ****
make all 
'Invoking: GNU Arm Cross Print Size'
arm-none-eabi-size --format=berkeley "BLACKPILL.elf"
   text	   data	    bss	    dec	    hex	filename
   5007	    160	    412	   5579	   15cb	BLACKPILL.elf
'Finished building: BLACKPILL.siz'
' '
