15:46:40 **** Incremental Build of configuration Debug for project BLACKPILL ****
make all 
'Invoking: GNU Arm Cross Print Size'
arm-none-eabi-size --format=berkeley "BLACKPILL.elf"
   text	   data	    bss	    dec	    hex	filename
   4819	    160	    412	   5391	   150f	BLACKPILL.elf
'Finished building: BLACKPILL.siz'
' '
15:47:15 **** Incremental Build of configuration Debug for project BLACKPILL ****
make all 
'Building file: ../src/main.c'
'Invoking: GNU Arm Cross C Compiler'
arm-none-eabi-gcc -mcpu=cortex-m4 -mthumb -mfloat-abi=soft -Og -fmessage-length=0 -fsigned-char -ffunction-sections -fdata-sections -ffreestanding -fno-move-loop-invariants -Wall -Wextra -g3 -DDEBUG -DUSE_FULL_ASSERT -DTRACE -DOS_USE_TRACE_SEMIHOSTING_DEBUG -DSTM32F401xC -DUSE_HAL_DRIVER -DHSE_VALUE=25000000 -I"../include" -I"../system/include" -I"../system/include/cmsis" -I"../system/include/stm32f4-hal" -std=gnu11 -MMD -MP -MF"src/main.d" -MT"src/main.o" -c -o "src/main.o" "../src/main.c"
'Finished building: ../src/main.c'
' '
'Building target: BLACKPILL.elf'
'Invoking: GNU Arm Cross C++ Linker'
arm-none-eabi-g++ -mcpu=cortex-m4 -mthumb -mfloat-abi=soft -Og -fmessage-length=0 -fsigned-char -ffunction-sections -fdata-sections -ffreestanding -fno-move-loop-invariants -Wall -Wextra -g3 -T mem.ld -T libs.ld -T sections.ld -nostartfiles -Xlinker --gc-sections -L"../ldscripts" -Wl,-Map,"BLACKPILL.map" --specs=nano.specs -o "BLACKPILL.elf" ./system/src/newlib/assert.o ./system/src/newlib/cxx.o ./system/src/newlib/exit.o ./system/src/newlib/sbrk.o ./system/src/newlib/startup.o ./system/src/newlib/syscalls.o  ./system/src/diag/trace-impl.o ./system/src/diag/trace.o  ./system/src/cortexm/exception-handlers.o ./system/src/cortexm/initialize-hardware.o ./system/src/cortexm/reset-hardware.o  ./system/src/cmsis/system_stm32f4xx.o ./system/src/cmsis/vectors_stm32f401xc.o  ./src/01-MCAL/RCC/RCC.o  ./src/01-MCAL/GPIO/GPIO.o  ./src/main.o   
'Finished building target: BLACKPILL.elf'
' '
'Invoking: GNU Arm Cross Create Flash Image'
arm-none-eabi-objcopy -O ihex "BLACKPILL.elf"  "BLACKPILL.hex"
'Finished building: BLACKPILL.hex'
' '
'Invoking: GNU Arm Cross Print Size'
arm-none-eabi-size --format=berkeley "BLACKPILL.elf"
   text	   data	    bss	    dec	    hex	filename
   4819	    160	    412	   5391	   150f	BLACKPILL.elf
'Finished building: BLACKPILL.siz'
' '
